[     253ms] [INFO] %cDownload the React DevTools for a better development experience: https://react.dev/link/react-devtools font-weight:bold @ http://localhost:3000/node_modules/.vite/deps/react-dom_client.js?v=7caa4f13:14333
[ 2147551ms] [ERROR] WebSocket connection to 'wss://snvdwamqjreuhtyrrrlg.supabase.co/realtime/v1/websocket?apikey=eyJhbGciOiJIUzI1NiIsInR5cCI6IkpXVCJ9.eyJpc3MiOiJzdXBhYmFzZSIsInJlZiI6InNudmR3YW1xanJldWh0eXJycmxnIiwicm9sZSI6ImFub24iLCJpYXQiOjE3ODcxMzI3ODEsImV4cCI6MjEwMjcwODc4MX0.slSsb4BXyCS12h3VE4I_OOhQQXv0v7lvwFUSztzHLPU&vsn=2.0.0' failed: Error in connection establishment: net::ERR_NAME_NOT_RESOLVED @ http://localhost:3000/node_modules/.vite/deps/@supabase_supabase-js.js?v=7caa4f13:6028
[ 2156673ms] [ERROR] WebSocket connection to 'wss://snvdwamqjreuhtyrrrlg.supabase.co/realtime/v1/websocket?apikey=eyJhbGciOiJIUzI1NiIsInR5cCI6IkpXVCJ9.eyJpc3MiOiJzdXBhYmFzZSIsInJlZiI6InNudmR3YW1xanJldWh0eXJycmxnIiwicm9sZSI6ImFub24iLCJpYXQiOjE3ODcxMzI3ODEsImV4cCI6MjEwMjcwODc4MX0.slSsb4BXyCS12h3VE4I_OOhQQXv0v7lvwFUSztzHLPU&vsn=2.0.0' failed: Error in connection establishment: net::ERR_NAME_NOT_RESOLVED @ http://localhost:3000/node_modules/.vite/deps/@supabase_supabase-js.js?v=7caa4f13:6028
[ 2168803ms] [ERROR] WebSocket connection to 'wss://snvdwamqjreuhtyrrrlg.supabase.co/realtime/v1/websocket?apikey=eyJhbGciOiJIUzI1NiIsInR5cCI6IkpXVCJ9.eyJpc3MiOiJzdXBhYmFzZSIsInJlZiI6InNudmR3YW1xanJldWh0eXJycmxnIiwicm9sZSI6ImFub24iLCJpYXQiOjE3ODcxMzI3ODEsImV4cCI6MjEwMjcwODc4MX0.slSsb4BXyCS12h3VE4I_OOhQQXv0v7lvwFUSztzHLPU&vsn=2.0.0' failed: Error in connection establishment: net::ERR_NAME_NOT_RESOLVED @ http://localhost:3000/node_modules/.vite/deps/@supabase_supabase-js.js?v=7caa4f13:6028
[ 2191940ms] [ERROR] WebSocket connection to 'wss://snvdwamqjreuhtyrrrlg.supabase.co/realtime/v1/websocket?apikey=eyJhbGciOiJIUzI1NiIsInR5cCI6IkpXVCJ9.eyJpc3MiOiJzdXBhYmFzZSIsInJlZiI6InNudmR3YW1xanJldWh0eXJycmxnIiwicm9sZSI6ImFub24iLCJpYXQiOjE3ODcxMzI3ODEsImV4cCI6MjEwMjcwODc4MX0.slSsb4BXyCS12h3VE4I_OOhQQXv0v7lvwFUSztzHLPU&vsn=2.0.0' failed: Error in connection establishment: net::ERR_NAME_NOT_RESOLVED @ http://localhost:3000/node_modules/.vite/deps/@supabase_supabase-js.js?v=7caa4f13:6028
[ 2215091ms] [ERROR] WebSocket connection to 'wss://snvdwamqjreuhtyrrrlg.supabase.co/realtime/v1/websocket?apikey=eyJhbGciOiJIUzI1NiIsInR5cCI6IkpXVCJ9.eyJpc3MiOiJzdXBhYmFzZSIsInJlZiI6InNudmR3YW1xanJldWh0eXJycmxnIiwicm9sZSI6ImFub24iLCJpYXQiOjE3ODcxMzI3ODEsImV4cCI6MjEwMjcwODc4MX0.slSsb4BXyCS12h3VE4I_OOhQQXv0v7lvwFUSztzHLPU&vsn=2.0.0' failed: Error in connection establishment: net::ERR_NAME_NOT_RESOLVED @ http://localhost:3000/node_modules/.vite/deps/@supabase_supabase-js.js?v=7caa4f13:6028
[ 2290844ms] [ERROR] WebSocket connection to 'wss://snvdwamqjreuhtyrrrlg.supabase.co/realtime/v1/websocket?apikey=eyJhbGciOiJIUzI1NiIsInR5cCI6IkpXVCJ9.eyJpc3MiOiJzdXBhYmFzZSIsInJlZiI6InNudmR3YW1xanJldWh0eXJycmxnIiwicm9sZSI6ImFub24iLCJpYXQiOjE3ODcxMzI3ODEsImV4cCI6MjEwMjcwODc4MX0.slSsb4BXyCS12h3VE4I_OOhQQXv0v7lvwFUSztzHLPU&vsn=2.0.0' failed: Error in connection establishment: net::ERR_CONNECTION_RESET @ http://localhost:3000/node_modules/.vite/deps/@supabase_supabase-js.js?v=7caa4f13:6028
[ 2321288ms] [LOG] [vite] server connection lost. Polling for restart... @ http://localhost:3000/@vite/client:998
[ 2321321ms] [ERROR] WebSocket connection to 'wss://snvdwamqjreuhtyrrrlg.supabase.co/realtime/v1/websocket?apikey=eyJhbGciOiJIUzI1NiIsInR5cCI6IkpXVCJ9.eyJpc3MiOiJzdXBhYmFzZSIsInJlZiI6InNudmR3YW1xanJldWh0eXJycmxnIiwicm9sZSI6ImFub24iLCJpYXQiOjE3ODcxMzI3ODEsImV4cCI6MjEwMjcwODc4MX0.slSsb4BXyCS12h3VE4I_OOhQQXv0v7lvwFUSztzHLPU&vsn=2.0.0' failed: Error in connection establishment: net::ERR_NETWORK_IO_SUSPENDED @ http://localhost:3000/node_modules/.vite/deps/@supabase_supabase-js.js?v=7caa4f13:6028
[14354065ms] [ERROR] WebSocket connection to 'wss://snvdwamqjreuhtyrrrlg.supabase.co/realtime/v1/websocket?apikey=eyJhbGciOiJIUzI1NiIsInR5cCI6IkpXVCJ9.eyJpc3MiOiJzdXBhYmFzZSIsInJlZiI6InNudmR3YW1xanJldWh0eXJycmxnIiwicm9sZSI6ImFub24iLCJpYXQiOjE3ODcxMzI3ODEsImV4cCI6MjEwMjcwODc4MX0.slSsb4BXyCS12h3VE4I_OOhQQXv0v7lvwFUSztzHLPU&vsn=2.0.0' failed: Error in connection establishment: net::ERR_INTERNET_DISCONNECTED @ http://localhost:3000/node_modules/.vite/deps/@supabase_supabase-js.js?v=7caa4f13:6028
[14354082ms] [ERROR] Failed to load resource: net::ERR_INTERNET_DISCONNECTED @ https://snvdwamqjreuhtyrrrlg.supabase.co/auth/v1/token?grant_type=refresh_token:0
[14354347ms] [ERROR] Failed to load resource: net::ERR_INTERNET_DISCONNECTED @ https://snvdwamqjreuhtyrrrlg.supabase.co/auth/v1/token?grant_type=refresh_token:0
[14356236ms] [INFO] %cDownload the React DevTools for a better development experience: https://react.dev/link/react-devtools font-weight:bold @ http://localhost:3000/node_modules/.vite/deps/react-dom_client.js?v=7caa4f13:14333
[14356384ms] [ERROR] Failed to load resource: net::ERR_INTERNET_DISCONNECTED @ https://snvdwamqjreuhtyrrrlg.supabase.co/auth/v1/token?grant_type=refresh_token:0
[14356648ms] [ERROR] Failed to load resource: net::ERR_INTERNET_DISCONNECTED @ https://snvdwamqjreuhtyrrrlg.supabase.co/auth/v1/token?grant_type=refresh_token:0
[14357071ms] [ERROR] Failed to load resource: net::ERR_INTERNET_DISCONNECTED @ https://snvdwamqjreuhtyrrrlg.supabase.co/auth/v1/token?grant_type=refresh_token:0
[14357936ms] [ERROR] Failed to load resource: net::ERR_INTERNET_DISCONNECTED @ https://snvdwamqjreuhtyrrrlg.supabase.co/auth/v1/token?grant_type=refresh_token:0
[14359597ms] [ERROR] Failed to load resource: net::ERR_INTERNET_DISCONNECTED @ https://snvdwamqjreuhtyrrrlg.supabase.co/auth/v1/token?grant_type=refresh_token:0
[14364749ms] [ERROR] Failed to load resource: net::ERR_INTERNET_DISCONNECTED @ https://snvdwamqjreuhtyrrrlg.supabase.co/auth/v1/token?grant_type=refresh_token:0
[14371245ms] [ERROR] Failed to load resource: net::ERR_INTERNET_DISCONNECTED @ https://snvdwamqjreuhtyrrrlg.supabase.co/auth/v1/token?grant_type=refresh_token:0
[14384070ms] [ERROR] Failed to load resource: net::ERR_INTERNET_DISCONNECTED @ https://snvdwamqjreuhtyrrrlg.supabase.co/auth/v1/token?grant_type=refresh_token:0
[14384071ms] [WARNING] AuthRetryableFetchError: Failed to fetch
    at _handleRequest (http://localhost:3000/node_modules/.vite/deps/@supabase_supabase-js.js?v=7caa4f13:12647:9)
    at async _request (http://localhost:3000/node_modules/.vite/deps/@supabase_supabase-js.js?v=7caa4f13:12632:15)
    at async http://localhost:3000/node_modules/.vite/deps/@supabase_supabase-js.js?v=7caa4f13:18780:12
    at async http://localhost:3000/node_modules/.vite/deps/@supabase_supabase-js.js?v=7caa4f13:12297:20 @ http://localhost:3000/@vite/client:528
[14384603ms] [WARNING] AuthRetryableFetchError: Failed to fetch
    at _handleRequest (http://localhost:3000/node_modules/.vite/deps/@supabase_supabase-js.js?v=7caa4f13:12647:9)
    at async _request (http://localhost:3000/node_modules/.vite/deps/@supabase_supabase-js.js?v=7caa4f13:12632:15)
    at async http://localhost:3000/node_modules/.vite/deps/@supabase_supabase-js.js?v=7caa4f13:18780:12
    at async http://localhost:3000/node_modules/.vite/deps/@supabase_supabase-js.js?v=7caa4f13:12297:20 @ http://localhost:3000/@vite/client:528
[14384603ms] [WARNING] AuthRetryableFetchError: Failed to fetch
    at _handleRequest (http://localhost:3000/node_modules/.vite/deps/@supabase_supabase-js.js?v=7caa4f13:12647:9)
    at async _request (http://localhost:3000/node_modules/.vite/deps/@supabase_supabase-js.js?v=7caa4f13:12632:15)
    at async http://localhost:3000/node_modules/.vite/deps/@supabase_supabase-js.js?v=7caa4f13:18780:12
    at async http://localhost:3000/node_modules/.vite/deps/@supabase_supabase-js.js?v=7caa4f13:12297:20 @ http://localhost:3000/@vite/client:528
[14384671ms] [ERROR] WebSocket connection to 'wss://snvdwamqjreuhtyrrrlg.supabase.co/realtime/v1/websocket?apikey=eyJhbGciOiJIUzI1NiIsInR5cCI6IkpXVCJ9.eyJpc3MiOiJzdXBhYmFzZSIsInJlZiI6InNudmR3YW1xanJldWh0eXJycmxnIiwicm9sZSI6ImFub24iLCJpYXQiOjE3ODcxMzI3ODEsImV4cCI6MjEwMjcwODc4MX0.slSsb4BXyCS12h3VE4I_OOhQQXv0v7lvwFUSztzHLPU&vsn=2.0.0' failed: Error in connection establishment: net::ERR_INTERNET_DISCONNECTED @ http://localhost:3000/node_modules/.vite/deps/@supabase_supabase-js.js?v=7caa4f13:6028
[14384680ms] [VERBOSE] [DOM] Input elements should have autocomplete attributes (suggested: "current-password"): (More info: https://goo.gl/9p2vKq) %o @ http://localhost:3000/sign-in?redirect=%2Fadmin%2Fdashboard:0
[14385701ms] [ERROR] WebSocket connection to 'wss://snvdwamqjreuhtyrrrlg.supabase.co/realtime/v1/websocket?apikey=eyJhbGciOiJIUzI1NiIsInR5cCI6IkpXVCJ9.eyJpc3MiOiJzdXBhYmFzZSIsInJlZiI6InNudmR3YW1xanJldWh0eXJycmxnIiwicm9sZSI6ImFub24iLCJpYXQiOjE3ODcxMzI3ODEsImV4cCI6MjEwMjcwODc4MX0.slSsb4BXyCS12h3VE4I_OOhQQXv0v7lvwFUSztzHLPU&vsn=2.0.0' failed: Error in connection establishment: net::ERR_INTERNET_DISCONNECTED @ http://localhost:3000/node_modules/.vite/deps/@supabase_supabase-js.js?v=7caa4f13:6028
[14387715ms] [ERROR] WebSocket connection to 'wss://snvdwamqjreuhtyrrrlg.supabase.co/realtime/v1/websocket?apikey=eyJhbGciOiJIUzI1NiIsInR5cCI6IkpXVCJ9.eyJpc3MiOiJzdXBhYmFzZSIsInJlZiI6InNudmR3YW1xanJldWh0eXJycmxnIiwicm9sZSI6ImFub24iLCJpYXQiOjE3ODcxMzI3ODEsImV4cCI6MjEwMjcwODc4MX0.slSsb4BXyCS12h3VE4I_OOhQQXv0v7lvwFUSztzHLPU&vsn=2.0.0' failed: Error in connection establishment: net::ERR_INTERNET_DISCONNECTED @ http://localhost:3000/node_modules/.vite/deps/@supabase_supabase-js.js?v=7caa4f13:6028
[14392737ms] [ERROR] WebSocket connection to 'wss://snvdwamqjreuhtyrrrlg.supabase.co/realtime/v1/websocket?apikey=eyJhbGciOiJIUzI1NiIsInR5cCI6IkpXVCJ9.eyJpc3MiOiJzdXBhYmFzZSIsInJlZiI6InNudmR3YW1xanJldWh0eXJycmxnIiwicm9sZSI6ImFub24iLCJpYXQiOjE3ODcxMzI3ODEsImV4cCI6MjEwMjcwODc4MX0.slSsb4BXyCS12h3VE4I_OOhQQXv0v7lvwFUSztzHLPU&vsn=2.0.0' failed: Error in connection establishment: net::ERR_INTERNET_DISCONNECTED @ http://localhost:3000/node_modules/.vite/deps/@supabase_supabase-js.js?v=7caa4f13:6028
[14404495ms] [ERROR] WebSocket connection to 'wss://snvdwamqjreuhtyrrrlg.supabase.co/realtime/v1/websocket?apikey=eyJhbGciOiJIUzI1NiIsInR5cCI6IkpXVCJ9.eyJpc3MiOiJzdXBhYmFzZSIsInJlZiI6InNudmR3YW1xanJldWh0eXJycmxnIiwicm9sZSI6ImFub24iLCJpYXQiOjE3ODcxMzI3ODEsImV4cCI6MjEwMjcwODc4MX0.slSsb4BXyCS12h3VE4I_OOhQQXv0v7lvwFUSztzHLPU&vsn=2.0.0' failed: Error in connection establishment: net::ERR_INTERNET_DISCONNECTED @ http://localhost:3000/node_modules/.vite/deps/@supabase_supabase-js.js?v=7caa4f13:6028
[14414529ms] [ERROR] WebSocket connection to 'wss://snvdwamqjreuhtyrrrlg.supabase.co/realtime/v1/websocket?apikey=eyJhbGciOiJIUzI1NiIsInR5cCI6IkpXVCJ9.eyJpc3MiOiJzdXBhYmFzZSIsInJlZiI6InNudmR3YW1xanJldWh0eXJycmxnIiwicm9sZSI6ImFub24iLCJpYXQiOjE3ODcxMzI3ODEsImV4cCI6MjEwMjcwODc4MX0.slSsb4BXyCS12h3VE4I_OOhQQXv0v7lvwFUSztzHLPU&vsn=2.0.0' failed: Error in connection establishment: net::ERR_INTERNET_DISCONNECTED @ http://localhost:3000/node_modules/.vite/deps/@supabase_supabase-js.js?v=7caa4f13:6028
[14424548ms] [ERROR] WebSocket connection to 'wss://snvdwamqjreuhtyrrrlg.supabase.co/realtime/v1/websocket?apikey=eyJhbGciOiJIUzI1NiIsInR5cCI6IkpXVCJ9.eyJpc3MiOiJzdXBhYmFzZSIsInJlZiI6InNudmR3YW1xanJldWh0eXJycmxnIiwicm9sZSI6ImFub24iLCJpYXQiOjE3ODcxMzI3ODEsImV4cCI6MjEwMjcwODc4MX0.slSsb4BXyCS12h3VE4I_OOhQQXv0v7lvwFUSztzHLPU&vsn=2.0.0' failed: Error in connection establishment: net::ERR_INTERNET_DISCONNECTED @ http://localhost:3000/node_modules/.vite/deps/@supabase_supabase-js.js?v=7caa4f13:6028
[14434573ms] [ERROR] WebSocket connection to 'wss://snvdwamqjreuhtyrrrlg.supabase.co/realtime/v1/websocket?apikey=eyJhbGciOiJIUzI1NiIsInR5cCI6IkpXVCJ9.eyJpc3MiOiJzdXBhYmFzZSIsInJlZiI6InNudmR3YW1xanJldWh0eXJycmxnIiwicm9sZSI6ImFub24iLCJpYXQiOjE3ODcxMzI3ODEsImV4cCI6MjEwMjcwODc4MX0.slSsb4BXyCS12h3VE4I_OOhQQXv0v7lvwFUSztzHLPU&vsn=2.0.0' failed: Error in connection establishment: net::ERR_INTERNET_DISCONNECTED @ http://localhost:3000/node_modules/.vite/deps/@supabase_supabase-js.js?v=7caa4f13:6028
[14444121ms] [ERROR] Failed to load resource: net::ERR_INTERNET_DISCONNECTED @ https://snvdwamqjreuhtyrrrlg.supabase.co/auth/v1/token?grant_type=refresh_token:0
[14444409ms] [ERROR] Failed to load resource: net::ERR_INTERNET_DISCONNECTED @ https://snvdwamqjreuhtyrrrlg.supabase.co/auth/v1/token?grant_type=refresh_token:0
[14444627ms] [ERROR] WebSocket connection to 'wss://snvdwamqjreuhtyrrrlg.supabase.co/realtime/v1/websocket?apikey=eyJhbGciOiJIUzI1NiIsInR5cCI6IkpXVCJ9.eyJpc3MiOiJzdXBhYmFzZSIsInJlZiI6InNudmR3YW1xanJldWh0eXJycmxnIiwicm9sZSI6ImFub24iLCJpYXQiOjE3ODcxMzI3ODEsImV4cCI6MjEwMjcwODc4MX0.slSsb4BXyCS12h3VE4I_OOhQQXv0v7lvwFUSztzHLPU&vsn=2.0.0' failed: Error in connection establishment: net::ERR_INTERNET_DISCONNECTED @ http://localhost:3000/node_modules/.vite/deps/@supabase_supabase-js.js?v=7caa4f13:6028
[14444870ms] [ERROR] Failed to load resource: net::ERR_INTERNET_DISCONNECTED @ https://snvdwamqjreuhtyrrrlg.supabase.co/auth/v1/token?grant_type=refresh_token:0
[14445761ms] [ERROR] Failed to load resource: net::ERR_INTERNET_DISCONNECTED @ https://snvdwamqjreuhtyrrrlg.supabase.co/auth/v1/token?grant_type=refresh_token:0
[14447475ms] [ERROR] Failed to load resource: net::ERR_INTERNET_DISCONNECTED @ https://snvdwamqjreuhtyrrrlg.supabase.co/auth/v1/token?grant_type=refresh_token:0
[14450734ms] [ERROR] Failed to load resource: net::ERR_INTERNET_DISCONNECTED @ https://snvdwamqjreuhtyrrrlg.supabase.co/auth/v1/token?grant_type=refresh_token:0
[14458758ms] [ERROR] Failed to load resource: net::ERR_INTERNET_DISCONNECTED @ https://snvdwamqjreuhtyrrrlg.supabase.co/auth/v1/token?grant_type=refresh_token:0
[14471628ms] [ERROR] Failed to load resource: net::ERR_INTERNET_DISCONNECTED @ https://snvdwamqjreuhtyrrrlg.supabase.co/auth/v1/token?grant_type=refresh_token:0
[14471651ms] [ERROR] WebSocket connection to 'wss://snvdwamqjreuhtyrrrlg.supabase.co/realtime/v1/websocket?apikey=eyJhbGciOiJIUzI1NiIsInR5cCI6IkpXVCJ9.eyJpc3MiOiJzdXBhYmFzZSIsInJlZiI6InNudmR3YW1xanJldWh0eXJycmxnIiwicm9sZSI6ImFub24iLCJpYXQiOjE3ODcxMzI3ODEsImV4cCI6MjEwMjcwODc4MX0.slSsb4BXyCS12h3VE4I_OOhQQXv0v7lvwFUSztzHLPU&vsn=2.0.0' failed: Error in connection establishment: net::ERR_INTERNET_DISCONNECTED @ http://localhost:3000/node_modules/.vite/deps/@supabase_supabase-js.js?v=7caa4f13:6028
[14481714ms] [ERROR] WebSocket connection to 'wss://snvdwamqjreuhtyrrrlg.supabase.co/realtime/v1/websocket?apikey=eyJhbGciOiJIUzI1NiIsInR5cCI6IkpXVCJ9.eyJpc3MiOiJzdXBhYmFzZSIsInJlZiI6InNudmR3YW1xanJldWh0eXJycmxnIiwicm9sZSI6ImFub24iLCJpYXQiOjE3ODcxMzI3ODEsImV4cCI6MjEwMjcwODc4MX0.slSsb4BXyCS12h3VE4I_OOhQQXv0v7lvwFUSztzHLPU&vsn=2.0.0' failed: Error in connection establishment: net::ERR_INTERNET_DISCONNECTED @ http://localhost:3000/node_modules/.vite/deps/@supabase_supabase-js.js?v=7caa4f13:6028
[14491747ms] [ERROR] WebSocket connection to 'wss://snvdwamqjreuhtyrrrlg.supabase.co/realtime/v1/websocket?apikey=eyJhbGciOiJIUzI1NiIsInR5cCI6IkpXVCJ9.eyJpc3MiOiJzdXBhYmFzZSIsInJlZiI6InNudmR3YW1xanJldWh0eXJycmxnIiwicm9sZSI6ImFub24iLCJpYXQiOjE3ODcxMzI3ODEsImV4cCI6MjEwMjcwODc4MX0.slSsb4BXyCS12h3VE4I_OOhQQXv0v7lvwFUSztzHLPU&vsn=2.0.0' failed: Error in connection establishment: net::ERR_INTERNET_DISCONNECTED @ http://localhost:3000/node_modules/.vite/deps/@supabase_supabase-js.js?v=7caa4f13:6028
[14501797ms] [ERROR] WebSocket connection to 'wss://snvdwamqjreuhtyrrrlg.supabase.co/realtime/v1/websocket?apikey=eyJhbGciOiJIUzI1NiIsInR5cCI6IkpXVCJ9.eyJpc3MiOiJzdXBhYmFzZSIsInJlZiI6InNudmR3YW1xanJldWh0eXJycmxnIiwicm9sZSI6ImFub24iLCJpYXQiOjE3ODcxMzI3ODEsImV4cCI6MjEwMjcwODc4MX0.slSsb4BXyCS12h3VE4I_OOhQQXv0v7lvwFUSztzHLPU&vsn=2.0.0' failed: Error in connection establishment: net::ERR_INTERNET_DISCONNECTED @ http://localhost:3000/node_modules/.vite/deps/@supabase_supabase-js.js?v=7caa4f13:6028
[14511824ms] [ERROR] WebSocket connection to 'wss://snvdwamqjreuhtyrrrlg.supabase.co/realtime/v1/websocket?apikey=eyJhbGciOiJIUzI1NiIsInR5cCI6IkpXVCJ9.eyJpc3MiOiJzdXBhYmFzZSIsInJlZiI6InNudmR3YW1xanJldWh0eXJycmxnIiwicm9sZSI6ImFub24iLCJpYXQiOjE3ODcxMzI3ODEsImV4cCI6MjEwMjcwODc4MX0.slSsb4BXyCS12h3VE4I_OOhQQXv0v7lvwFUSztzHLPU&vsn=2.0.0' failed: Error in connection establishment: net::ERR_INTERNET_DISCONNECTED @ http://localhost:3000/node_modules/.vite/deps/@supabase_supabase-js.js?v=7caa4f13:6028
[14522285ms] [ERROR] WebSocket connection to 'wss://snvdwamqjreuhtyrrrlg.supabase.co/realtime/v1/websocket?apikey=eyJhbGciOiJIUzI1NiIsInR5cCI6IkpXVCJ9.eyJpc3MiOiJzdXBhYmFzZSIsInJlZiI6InNudmR3YW1xanJldWh0eXJycmxnIiwicm9sZSI6ImFub24iLCJpYXQiOjE3ODcxMzI3ODEsImV4cCI6MjEwMjcwODc4MX0.slSsb4BXyCS12h3VE4I_OOhQQXv0v7lvwFUSztzHLPU&vsn=2.0.0' failed: Error in connection establishment: net::ERR_INTERNET_DISCONNECTED @ http://localhost:3000/node_modules/.vite/deps/@supabase_supabase-js.js?v=7caa4f13:6028
[14532352ms] [ERROR] WebSocket connection to 'wss://snvdwamqjreuhtyrrrlg.supabase.co/realtime/v1/websocket?apikey=eyJhbGciOiJIUzI1NiIsInR5cCI6IkpXVCJ9.eyJpc3MiOiJzdXBhYmFzZSIsInJlZiI6InNudmR3YW1xanJldWh0eXJycmxnIiwicm9sZSI6ImFub24iLCJpYXQiOjE3ODcxMzI3ODEsImV4cCI6MjEwMjcwODc4MX0.slSsb4BXyCS12h3VE4I_OOhQQXv0v7lvwFUSztzHLPU&vsn=2.0.0' failed: Error in connection establishment: net::ERR_INTERNET_DISCONNECTED @ http://localhost:3000/node_modules/.vite/deps/@supabase_supabase-js.js?v=7caa4f13:6028
[14532353ms] [ERROR] Failed to load resource: net::ERR_INTERNET_DISCONNECTED @ https://snvdwamqjreuhtyrrrlg.supabase.co/auth/v1/token?grant_type=refresh_token:0
[14532605ms] [ERROR] Failed to load resource: net::ERR_INTERNET_DISCONNECTED @ https://snvdwamqjreuhtyrrrlg.supabase.co/auth/v1/token?grant_type=refresh_token:0
[14533055ms] [ERROR] Failed to load resource: net::ERR_INTERNET_DISCONNECTED @ https://snvdwamqjreuhtyrrrlg.supabase.co/auth/v1/token?grant_type=refresh_token:0
[14533926ms] [ERROR] Failed to load resource: net::ERR_INTERNET_DISCONNECTED @ https://snvdwamqjreuhtyrrrlg.supabase.co/auth/v1/token?grant_type=refresh_token:0
[14535594ms] [ERROR] Failed to load resource: net::ERR_INTERNET_DISCONNECTED @ https://snvdwamqjreuhtyrrrlg.supabase.co/auth/v1/token?grant_type=refresh_token:0
[14538861ms] [ERROR] Failed to load resource: net::ERR_INTERNET_DISCONNECTED @ https://snvdwamqjreuhtyrrrlg.supabase.co/auth/v1/token?grant_type=refresh_token:0
[14545344ms] [ERROR] Failed to load resource: net::ERR_INTERNET_DISCONNECTED @ https://snvdwamqjreuhtyrrrlg.supabase.co/auth/v1/token?grant_type=refresh_token:0
[14558216ms] [ERROR] Failed to load resource: net::ERR_INTERNET_DISCONNECTED @ https://snvdwamqjreuhtyrrrlg.supabase.co/auth/v1/token?grant_type=refresh_token:0
[14558238ms] [ERROR] WebSocket connection to 'wss://snvdwamqjreuhtyrrrlg.supabase.co/realtime/v1/websocket?apikey=eyJhbGciOiJIUzI1NiIsInR5cCI6IkpXVCJ9.eyJpc3MiOiJzdXBhYmFzZSIsInJlZiI6InNudmR3YW1xanJldWh0eXJycmxnIiwicm9sZSI6ImFub24iLCJpYXQiOjE3ODcxMzI3ODEsImV4cCI6MjEwMjcwODc4MX0.slSsb4BXyCS12h3VE4I_OOhQQXv0v7lvwFUSztzHLPU&vsn=2.0.0' failed: Error in connection establishment: net::ERR_INTERNET_DISCONNECTED @ http://localhost:3000/node_modules/.vite/deps/@supabase_supabase-js.js?v=7caa4f13:6028
[14568305ms] [ERROR] WebSocket connection to 'wss://snvdwamqjreuhtyrrrlg.supabase.co/realtime/v1/websocket?apikey=eyJhbGciOiJIUzI1NiIsInR5cCI6IkpXVCJ9.eyJpc3MiOiJzdXBhYmFzZSIsInJlZiI6InNudmR3YW1xanJldWh0eXJycmxnIiwicm9sZSI6ImFub24iLCJpYXQiOjE3ODcxMzI3ODEsImV4cCI6MjEwMjcwODc4MX0.slSsb4BXyCS12h3VE4I_OOhQQXv0v7lvwFUSztzHLPU&vsn=2.0.0' failed: Error in connection establishment: net::ERR_INTERNET_DISCONNECTED @ http://localhost:3000/node_modules/.vite/deps/@supabase_supabase-js.js?v=7caa4f13:6028
[14578715ms] [ERROR] WebSocket connection to 'wss://snvdwamqjreuhtyrrrlg.supabase.co/realtime/v1/websocket?apikey=eyJhbGciOiJIUzI1NiIsInR5cCI6IkpXVCJ9.eyJpc3MiOiJzdXBhYmFzZSIsInJlZiI6InNudmR3YW1xanJldWh0eXJycmxnIiwicm9sZSI6ImFub24iLCJpYXQiOjE3ODcxMzI3ODEsImV4cCI6MjEwMjcwODc4MX0.slSsb4BXyCS12h3VE4I_OOhQQXv0v7lvwFUSztzHLPU&vsn=2.0.0' failed: Error in connection establishment: net::ERR_INTERNET_DISCONNECTED @ http://localhost:3000/node_modules/.vite/deps/@supabase_supabase-js.js?v=7caa4f13:6028
[14588766ms] [ERROR] WebSocket connection to 'wss://snvdwamqjreuhtyrrrlg.supabase.co/realtime/v1/websocket?apikey=eyJhbGciOiJIUzI1NiIsInR5cCI6IkpXVCJ9.eyJpc3MiOiJzdXBhYmFzZSIsInJlZiI6InNudmR3YW1xanJldWh0eXJycmxnIiwicm9sZSI6ImFub24iLCJpYXQiOjE3ODcxMzI3ODEsImV4cCI6MjEwMjcwODc4MX0.slSsb4BXyCS12h3VE4I_OOhQQXv0v7lvwFUSztzHLPU&vsn=2.0.0' failed: Error in connection establishment: net::ERR_INTERNET_DISCONNECTED @ http://localhost:3000/node_modules/.vite/deps/@supabase_supabase-js.js?v=7caa4f13:6028
[14598821ms] [ERROR] WebSocket connection to 'wss://snvdwamqjreuhtyrrrlg.supabase.co/realtime/v1/websocket?apikey=eyJhbGciOiJIUzI1NiIsInR5cCI6IkpXVCJ9.eyJpc3MiOiJzdXBhYmFzZSIsInJlZiI6InNudmR3YW1xanJldWh0eXJycmxnIiwicm9sZSI6ImFub24iLCJpYXQiOjE3ODcxMzI3ODEsImV4cCI6MjEwMjcwODc4MX0.slSsb4BXyCS12h3VE4I_OOhQQXv0v7lvwFUSztzHLPU&vsn=2.0.0' failed: Error in connection establishment: net::ERR_INTERNET_DISCONNECTED @ http://localhost:3000/node_modules/.vite/deps/@supabase_supabase-js.js?v=7caa4f13:6028
[14608868ms] [ERROR] WebSocket connection to 'wss://snvdwamqjreuhtyrrrlg.supabase.co/realtime/v1/websocket?apikey=eyJhbGciOiJIUzI1NiIsInR5cCI6IkpXVCJ9.eyJpc3MiOiJzdXBhYmFzZSIsInJlZiI6InNudmR3YW1xanJldWh0eXJycmxnIiwicm9sZSI6ImFub24iLCJpYXQiOjE3ODcxMzI3ODEsImV4cCI6MjEwMjcwODc4MX0.slSsb4BXyCS12h3VE4I_OOhQQXv0v7lvwFUSztzHLPU&vsn=2.0.0' failed: Error in connection establishment: net::ERR_INTERNET_DISCONNECTED @ http://localhost:3000/node_modules/.vite/deps/@supabase_supabase-js.js?v=7caa4f13:6028
[14618935ms] [ERROR] WebSocket connection to 'wss://snvdwamqjreuhtyrrrlg.supabase.co/realtime/v1/websocket?apikey=eyJhbGciOiJIUzI1NiIsInR5cCI6IkpXVCJ9.eyJpc3MiOiJzdXBhYmFzZSIsInJlZiI6InNudmR3YW1xanJldWh0eXJycmxnIiwicm9sZSI6ImFub24iLCJpYXQiOjE3ODcxMzI3ODEsImV4cCI6MjEwMjcwODc4MX0.slSsb4BXyCS12h3VE4I_OOhQQXv0v7lvwFUSztzHLPU&vsn=2.0.0' failed: Error in connection establishment: net::ERR_INTERNET_DISCONNECTED @ http://localhost:3000/node_modules/.vite/deps/@supabase_supabase-js.js?v=7caa4f13:6028
[14618936ms] [ERROR] Failed to load resource: net::ERR_INTERNET_DISCONNECTED @ https://snvdwamqjreuhtyrrrlg.supabase.co/auth/v1/token?grant_type=refresh_token:0
[14619179ms] [ERROR] Failed to load resource: net::ERR_INTERNET_DISCONNECTED @ https://snvdwamqjreuhtyrrrlg.supabase.co/auth/v1/token?grant_type=refresh_token:0
[14619643ms] [ERROR] Failed to load resource: net::ERR_INTERNET_DISCONNECTED @ https://snvdwamqjreuhtyrrrlg.supabase.co/auth/v1/token?grant_type=refresh_token:0
[14620500ms] [ERROR] Failed to load resource: net::ERR_INTERNET_DISCONNECTED @ https://snvdwamqjreuhtyrrrlg.supabase.co/auth/v1/token?grant_type=refresh_token:0
[14622163ms] [ERROR] Failed to load resource: net::ERR_INTERNET_DISCONNECTED @ https://snvdwamqjreuhtyrrrlg.supabase.co/auth/v1/token?grant_type=refresh_token:0
[14625787ms] [ERROR] Failed to load resource: net::ERR_INTERNET_DISCONNECTED @ https://snvdwamqjreuhtyrrrlg.supabase.co/auth/v1/token?grant_type=refresh_token:0
[14632253ms] [ERROR] Failed to load resource: net::ERR_INTERNET_DISCONNECTED @ https://snvdwamqjreuhtyrrrlg.supabase.co/auth/v1/token?grant_type=refresh_token:0
[14645095ms] [ERROR] Failed to load resource: net::ERR_INTERNET_DISCONNECTED @ https://snvdwamqjreuhtyrrrlg.supabase.co/auth/v1/token?grant_type=refresh_token:0
[14645118ms] [ERROR] WebSocket connection to 'wss://snvdwamqjreuhtyrrrlg.supabase.co/realtime/v1/websocket?apikey=eyJhbGciOiJIUzI1NiIsInR5cCI6IkpXVCJ9.eyJpc3MiOiJzdXBhYmFzZSIsInJlZiI6InNudmR3YW1xanJldWh0eXJycmxnIiwicm9sZSI6ImFub24iLCJpYXQiOjE3ODcxMzI3ODEsImV4cCI6MjEwMjcwODc4MX0.slSsb4BXyCS12h3VE4I_OOhQQXv0v7lvwFUSztzHLPU&vsn=2.0.0' failed: Error in connection establishment: net::ERR_INTERNET_DISCONNECTED @ http://localhost:3000/node_modules/.vite/deps/@supabase_supabase-js.js?v=7caa4f13:6028
[14655173ms] [ERROR] WebSocket connection to 'wss://snvdwamqjreuhtyrrrlg.supabase.co/realtime/v1/websocket?apikey=eyJhbGciOiJIUzI1NiIsInR5cCI6IkpXVCJ9.eyJpc3MiOiJzdXBhYmFzZSIsInJlZiI6InNudmR3YW1xanJldWh0eXJycmxnIiwicm9sZSI6ImFub24iLCJpYXQiOjE3ODcxMzI3ODEsImV4cCI6MjEwMjcwODc4MX0.slSsb4BXyCS12h3VE4I_OOhQQXv0v7lvwFUSztzHLPU&vsn=2.0.0' failed: Error in connection establishment: net::ERR_INTERNET_DISCONNECTED @ http://localhost:3000/node_modules/.vite/deps/@supabase_supabase-js.js?v=7caa4f13:6028
[14665781ms] [ERROR] WebSocket connection to 'wss://snvdwamqjreuhtyrrrlg.supabase.co/realtime/v1/websocket?apikey=eyJhbGciOiJIUzI1NiIsInR5cCI6IkpXVCJ9.eyJpc3MiOiJzdXBhYmFzZSIsInJlZiI6InNudmR3YW1xanJldWh0eXJycmxnIiwicm9sZSI6ImFub24iLCJpYXQiOjE3ODcxMzI3ODEsImV4cCI6MjEwMjcwODc4MX0.slSsb4BXyCS12h3VE4I_OOhQQXv0v7lvwFUSztzHLPU&vsn=2.0.0' failed: Error in connection establishment: net::ERR_INTERNET_DISCONNECTED @ http://localhost:3000/node_modules/.vite/deps/@supabase_supabase-js.js?v=7caa4f13:6028
[14675840ms] [ERROR] WebSocket connection to 'wss://snvdwamqjreuhtyrrrlg.supabase.co/realtime/v1/websocket?apikey=eyJhbGciOiJIUzI1NiIsInR5cCI6IkpXVCJ9.eyJpc3MiOiJzdXBhYmFzZSIsInJlZiI6InNudmR3YW1xanJldWh0eXJycmxnIiwicm9sZSI6ImFub24iLCJpYXQiOjE3ODcxMzI3ODEsImV4cCI6MjEwMjcwODc4MX0.slSsb4BXyCS12h3VE4I_OOhQQXv0v7lvwFUSztzHLPU&vsn=2.0.0' failed: Error in connection establishment: net::ERR_INTERNET_DISCONNECTED @ http://localhost:3000/node_modules/.vite/deps/@supabase_supabase-js.js?v=7caa4f13:6028
[14685903ms] [ERROR] WebSocket connection to 'wss://snvdwamqjreuhtyrrrlg.supabase.co/realtime/v1/websocket?apikey=eyJhbGciOiJIUzI1NiIsInR5cCI6IkpXVCJ9.eyJpc3MiOiJzdXBhYmFzZSIsInJlZiI6InNudmR3YW1xanJldWh0eXJycmxnIiwicm9sZSI6ImFub24iLCJpYXQiOjE3ODcxMzI3ODEsImV4cCI6MjEwMjcwODc4MX0.slSsb4BXyCS12h3VE4I_OOhQQXv0v7lvwFUSztzHLPU&vsn=2.0.0' failed: Error in connection establishment: net::ERR_INTERNET_DISCONNECTED @ http://localhost:3000/node_modules/.vite/deps/@supabase_supabase-js.js?v=7caa4f13:6028
[14695957ms] [ERROR] WebSocket connection to 'wss://snvdwamqjreuhtyrrrlg.supabase.co/realtime/v1/websocket?apikey=eyJhbGciOiJIUzI1NiIsInR5cCI6IkpXVCJ9.eyJpc3MiOiJzdXBhYmFzZSIsInJlZiI6InNudmR3YW1xanJldWh0eXJycmxnIiwicm9sZSI6ImFub24iLCJpYXQiOjE3ODcxMzI3ODEsImV4cCI6MjEwMjcwODc4MX0.slSsb4BXyCS12h3VE4I_OOhQQXv0v7lvwFUSztzHLPU&vsn=2.0.0' failed: Error in connection establishment: net::ERR_INTERNET_DISCONNECTED @ http://localhost:3000/node_modules/.vite/deps/@supabase_supabase-js.js?v=7caa4f13:6028
[14706029ms] [ERROR] WebSocket connection to 'wss://snvdwamqjreuhtyrrrlg.supabase.co/realtime/v1/websocket?apikey=eyJhbGciOiJIUzI1NiIsInR5cCI6IkpXVCJ9.eyJpc3MiOiJzdXBhYmFzZSIsInJlZiI6InNudmR3YW1xanJldWh0eXJycmxnIiwicm9sZSI6ImFub24iLCJpYXQiOjE3ODcxMzI3ODEsImV4cCI6MjEwMjcwODc4MX0.slSsb4BXyCS12h3VE4I_OOhQQXv0v7lvwFUSztzHLPU&vsn=2.0.0' failed: Error in connection establishment: net::ERR_INTERNET_DISCONNECTED @ http://localhost:3000/node_modules/.vite/deps/@supabase_supabase-js.js?v=7caa4f13:6028
[14706030ms] [ERROR] Failed to load resource: net::ERR_INTERNET_DISCONNECTED @ https://snvdwamqjreuhtyrrrlg.supabase.co/auth/v1/token?grant_type=refresh_token:0
[14706278ms] [ERROR] Failed to load resource: net::ERR_INTERNET_DISCONNECTED @ https://snvdwamqjreuhtyrrrlg.supabase.co/auth/v1/token?grant_type=refresh_token:0
[14706749ms] [ERROR] Failed to load resource: net::ERR_INTERNET_DISCONNECTED @ https://snvdwamqjreuhtyrrrlg.supabase.co/auth/v1/token?grant_type=refresh_token:0
[14709324ms] [ERROR] Failed to load resource: net::ERR_INTERNET_DISCONNECTED @ https://snvdwamqjreuhtyrrrlg.supabase.co/auth/v1/token?grant_type=refresh_token:0
[14710972ms] [ERROR] Failed to load resource: net::ERR_INTERNET_DISCONNECTED @ https://snvdwamqjreuhtyrrrlg.supabase.co/auth/v1/token?grant_type=refresh_token:0
[14714240ms] [ERROR] Failed to load resource: net::ERR_INTERNET_DISCONNECTED @ https://snvdwamqjreuhtyrrrlg.supabase.co/auth/v1/token?grant_type=refresh_token:0
[14720699ms] [ERROR] Failed to load resource: net::ERR_INTERNET_DISCONNECTED @ https://snvdwamqjreuhtyrrrlg.supabase.co/auth/v1/token?grant_type=refresh_token:0
[14733573ms] [ERROR] Failed to load resource: net::ERR_INTERNET_DISCONNECTED @ https://snvdwamqjreuhtyrrrlg.supabase.co/auth/v1/token?grant_type=refresh_token:0
[14733592ms] [ERROR] WebSocket connection to 'wss://snvdwamqjreuhtyrrrlg.supabase.co/realtime/v1/websocket?apikey=eyJhbGciOiJIUzI1NiIsInR5cCI6IkpXVCJ9.eyJpc3MiOiJzdXBhYmFzZSIsInJlZiI6InNudmR3YW1xanJldWh0eXJycmxnIiwicm9sZSI6ImFub24iLCJpYXQiOjE3ODcxMzI3ODEsImV4cCI6MjEwMjcwODc4MX0.slSsb4BXyCS12h3VE4I_OOhQQXv0v7lvwFUSztzHLPU&vsn=2.0.0' failed: Error in connection establishment: net::ERR_INTERNET_DISCONNECTED @ http://localhost:3000/node_modules/.vite/deps/@supabase_supabase-js.js?v=7caa4f13:6028
[14743635ms] [ERROR] WebSocket connection to 'wss://snvdwamqjreuhtyrrrlg.supabase.co/realtime/v1/websocket?apikey=eyJhbGciOiJIUzI1NiIsInR5cCI6IkpXVCJ9.eyJpc3MiOiJzdXBhYmFzZSIsInJlZiI6InNudmR3YW1xanJldWh0eXJycmxnIiwicm9sZSI6ImFub24iLCJpYXQiOjE3ODcxMzI3ODEsImV4cCI6MjEwMjcwODc4MX0.slSsb4BXyCS12h3VE4I_OOhQQXv0v7lvwFUSztzHLPU&vsn=2.0.0' failed: Error in connection establishment: net::ERR_INTERNET_DISCONNECTED @ http://localhost:3000/node_modules/.vite/deps/@supabase_supabase-js.js?v=7caa4f13:6028
[14753671ms] [ERROR] WebSocket connection to 'wss://snvdwamqjreuhtyrrrlg.supabase.co/realtime/v1/websocket?apikey=eyJhbGciOiJIUzI1NiIsInR5cCI6IkpXVCJ9.eyJpc3MiOiJzdXBhYmFzZSIsInJlZiI6InNudmR3YW1xanJldWh0eXJycmxnIiwicm9sZSI6ImFub24iLCJpYXQiOjE3ODcxMzI3ODEsImV4cCI6MjEwMjcwODc4MX0.slSsb4BXyCS12h3VE4I_OOhQQXv0v7lvwFUSztzHLPU&vsn=2.0.0' failed: Error in connection establishment: net::ERR_INTERNET_DISCONNECTED @ http://localhost:3000/node_modules/.vite/deps/@supabase_supabase-js.js?v=7caa4f13:6028
[14765323ms] [ERROR] WebSocket connection to 'wss://snvdwamqjreuhtyrrrlg.supabase.co/realtime/v1/websocket?apikey=eyJhbGciOiJIUzI1NiIsInR5cCI6IkpXVCJ9.eyJpc3MiOiJzdXBhYmFzZSIsInJlZiI6InNudmR3YW1xanJldWh0eXJycmxnIiwicm9sZSI6ImFub24iLCJpYXQiOjE3ODcxMzI3ODEsImV4cCI6MjEwMjcwODc4MX0.slSsb4BXyCS12h3VE4I_OOhQQXv0v7lvwFUSztzHLPU&vsn=2.0.0' failed: Error in connection establishment: net::ERR_INTERNET_DISCONNECTED @ http://localhost:3000/node_modules/.vite/deps/@supabase_supabase-js.js?v=7caa4f13:6028
[14775366ms] [ERROR] WebSocket connection to 'wss://snvdwamqjreuhtyrrrlg.supabase.co/realtime/v1/websocket?apikey=eyJhbGciOiJIUzI1NiIsInR5cCI6IkpXVCJ9.eyJpc3MiOiJzdXBhYmFzZSIsInJlZiI6InNudmR3YW1xanJldWh0eXJycmxnIiwicm9sZSI6ImFub24iLCJpYXQiOjE3ODcxMzI3ODEsImV4cCI6MjEwMjcwODc4MX0.slSsb4BXyCS12h3VE4I_OOhQQXv0v7lvwFUSztzHLPU&vsn=2.0.0' failed: Error in connection establishment: net::ERR_INTERNET_DISCONNECTED @ http://localhost:3000/node_modules/.vite/deps/@supabase_supabase-js.js?v=7caa4f13:6028
[14786828ms] [ERROR] WebSocket connection to 'wss://snvdwamqjreuhtyrrrlg.supabase.co/realtime/v1/websocket?apikey=eyJhbGciOiJIUzI1NiIsInR5cCI6IkpXVCJ9.eyJpc3MiOiJzdXBhYmFzZSIsInJlZiI6InNudmR3YW1xanJldWh0eXJycmxnIiwicm9sZSI6ImFub24iLCJpYXQiOjE3ODcxMzI3ODEsImV4cCI6MjEwMjcwODc4MX0.slSsb4BXyCS12h3VE4I_OOhQQXv0v7lvwFUSztzHLPU&vsn=2.0.0' failed: Error in connection establishment: net::ERR_INTERNET_DISCONNECTED @ http://localhost:3000/node_modules/.vite/deps/@supabase_supabase-js.js?v=7caa4f13:6028
[14796883ms] [ERROR] WebSocket connection to 'wss://snvdwamqjreuhtyrrrlg.supabase.co/realtime/v1/websocket?apikey=eyJhbGciOiJIUzI1NiIsInR5cCI6IkpXVCJ9.eyJpc3MiOiJzdXBhYmFzZSIsInJlZiI6InNudmR3YW1xanJldWh0eXJycmxnIiwicm9sZSI6ImFub24iLCJpYXQiOjE3ODcxMzI3ODEsImV4cCI6MjEwMjcwODc4MX0.slSsb4BXyCS12h3VE4I_OOhQQXv0v7lvwFUSztzHLPU&vsn=2.0.0' failed: Error in connection establishment: net::ERR_INTERNET_DISCONNECTED @ http://localhost:3000/node_modules/.vite/deps/@supabase_supabase-js.js?v=7caa4f13:6028
[14796884ms] [ERROR] Failed to load resource: net::ERR_INTERNET_DISCONNECTED @ https://snvdwamqjreuhtyrrrlg.supabase.co/auth/v1/token?grant_type=refresh_token:0
[14797151ms] [ERROR] Failed to load resource: net::ERR_INTERNET_DISCONNECTED @ https://snvdwamqjreuhtyrrrlg.supabase.co/auth/v1/token?grant_type=refresh_token:0
[14797613ms] [ERROR] Failed to load resource: net::ERR_INTERNET_DISCONNECTED @ https://snvdwamqjreuhtyrrrlg.supabase.co/auth/v1/token?grant_type=refresh_token:0
[14798445ms] [ERROR] Failed to load resource: net::ERR_INTERNET_DISCONNECTED @ https://snvdwamqjreuhtyrrrlg.supabase.co/auth/v1/token?grant_type=refresh_token:0
[14800086ms] [ERROR] Failed to load resource: net::ERR_INTERNET_DISCONNECTED @ https://snvdwamqjreuhtyrrrlg.supabase.co/auth/v1/token?grant_type=refresh_token:0
[14803351ms] [ERROR] Failed to load resource: net::ERR_INTERNET_DISCONNECTED @ https://snvdwamqjreuhtyrrrlg.supabase.co/auth/v1/token?grant_type=refresh_token:0
[14809791ms] [ERROR] Failed to load resource: net::ERR_INTERNET_DISCONNECTED @ https://snvdwamqjreuhtyrrrlg.supabase.co/auth/v1/token?grant_type=refresh_token:0
[14823440ms] [ERROR] Failed to load resource: net::ERR_INTERNET_DISCONNECTED @ https://snvdwamqjreuhtyrrrlg.supabase.co/auth/v1/token?grant_type=refresh_token:0
[14823487ms] [ERROR] WebSocket connection to 'wss://snvdwamqjreuhtyrrrlg.supabase.co/realtime/v1/websocket?apikey=eyJhbGciOiJIUzI1NiIsInR5cCI6IkpXVCJ9.eyJpc3MiOiJzdXBhYmFzZSIsInJlZiI6InNudmR3YW1xanJldWh0eXJycmxnIiwicm9sZSI6ImFub24iLCJpYXQiOjE3ODcxMzI3ODEsImV4cCI6MjEwMjcwODc4MX0.slSsb4BXyCS12h3VE4I_OOhQQXv0v7lvwFUSztzHLPU&vsn=2.0.0' failed: Error in connection establishment: net::ERR_INTERNET_DISCONNECTED @ http://localhost:3000/node_modules/.vite/deps/@supabase_supabase-js.js?v=7caa4f13:6028
[14833560ms] [ERROR] WebSocket connection to 'wss://snvdwamqjreuhtyrrrlg.supabase.co/realtime/v1/websocket?apikey=eyJhbGciOiJIUzI1NiIsInR5cCI6IkpXVCJ9.eyJpc3MiOiJzdXBhYmFzZSIsInJlZiI6InNudmR3YW1xanJldWh0eXJycmxnIiwicm9sZSI6ImFub24iLCJpYXQiOjE3ODcxMzI3ODEsImV4cCI6MjEwMjcwODc4MX0.slSsb4BXyCS12h3VE4I_OOhQQXv0v7lvwFUSztzHLPU&vsn=2.0.0' failed: Error in connection establishment: net::ERR_INTERNET_DISCONNECTED @ http://localhost:3000/node_modules/.vite/deps/@supabase_supabase-js.js?v=7caa4f13:6028
[14843604ms] [ERROR] WebSocket connection to 'wss://snvdwamqjreuhtyrrrlg.supabase.co/realtime/v1/websocket?apikey=eyJhbGciOiJIUzI1NiIsInR5cCI6IkpXVCJ9.eyJpc3MiOiJzdXBhYmFzZSIsInJlZiI6InNudmR3YW1xanJldWh0eXJycmxnIiwicm9sZSI6ImFub24iLCJpYXQiOjE3ODcxMzI3ODEsImV4cCI6MjEwMjcwODc4MX0.slSsb4BXyCS12h3VE4I_OOhQQXv0v7lvwFUSztzHLPU&vsn=2.0.0' failed: Error in connection establishment: net::ERR_INTERNET_DISCONNECTED @ http://localhost:3000/node_modules/.vite/deps/@supabase_supabase-js.js?v=7caa4f13:6028
[14853661ms] [ERROR] WebSocket connection to 'wss://snvdwamqjreuhtyrrrlg.supabase.co/realtime/v1/websocket?apikey=eyJhbGciOiJIUzI1NiIsInR5cCI6IkpXVCJ9.eyJpc3MiOiJzdXBhYmFzZSIsInJlZiI6InNudmR3YW1xanJldWh0eXJycmxnIiwicm9sZSI6ImFub24iLCJpYXQiOjE3ODcxMzI3ODEsImV4cCI6MjEwMjcwODc4MX0.slSsb4BXyCS12h3VE4I_OOhQQXv0v7lvwFUSztzHLPU&vsn=2.0.0' failed: Error in connection establishment: net::ERR_INTERNET_DISCONNECTED @ http://localhost:3000/node_modules/.vite/deps/@supabase_supabase-js.js?v=7caa4f13:6028
[14863724ms] [ERROR] WebSocket connection to 'wss://snvdwamqjreuhtyrrrlg.supabase.co/realtime/v1/websocket?apikey=eyJhbGciOiJIUzI1NiIsInR5cCI6IkpXVCJ9.eyJpc3MiOiJzdXBhYmFzZSIsInJlZiI6InNudmR3YW1xanJldWh0eXJycmxnIiwicm9sZSI6ImFub24iLCJpYXQiOjE3ODcxMzI3ODEsImV4cCI6MjEwMjcwODc4MX0.slSsb4BXyCS12h3VE4I_OOhQQXv0v7lvwFUSztzHLPU&vsn=2.0.0' failed: Error in connection establishment: net::ERR_INTERNET_DISCONNECTED @ http://localhost:3000/node_modules/.vite/deps/@supabase_supabase-js.js?v=7caa4f13:6028
[14873767ms] [ERROR] WebSocket connection to 'wss://snvdwamqjreuhtyrrrlg.supabase.co/realtime/v1/websocket?apikey=eyJhbGciOiJIUzI1NiIsInR5cCI6IkpXVCJ9.eyJpc3MiOiJzdXBhYmFzZSIsInJlZiI6InNudmR3YW1xanJldWh0eXJycmxnIiwicm9sZSI6ImFub24iLCJpYXQiOjE3ODcxMzI3ODEsImV4cCI6MjEwMjcwODc4MX0.slSsb4BXyCS12h3VE4I_OOhQQXv0v7lvwFUSztzHLPU&vsn=2.0.0' failed: Error in connection establishment: net::ERR_INTERNET_DISCONNECTED @ http://localhost:3000/node_modules/.vite/deps/@supabase_supabase-js.js?v=7caa4f13:6028
[14884971ms] [ERROR] WebSocket connection to 'wss://snvdwamqjreuhtyrrrlg.supabase.co/realtime/v1/websocket?apikey=eyJhbGciOiJIUzI1NiIsInR5cCI6IkpXVCJ9.eyJpc3MiOiJzdXBhYmFzZSIsInJlZiI6InNudmR3YW1xanJldWh0eXJycmxnIiwicm9sZSI6ImFub24iLCJpYXQiOjE3ODcxMzI3ODEsImV4cCI6MjEwMjcwODc4MX0.slSsb4BXyCS12h3VE4I_OOhQQXv0v7lvwFUSztzHLPU&vsn=2.0.0' failed: Error in connection establishment: net::ERR_INTERNET_DISCONNECTED @ http://localhost:3000/node_modules/.vite/deps/@supabase_supabase-js.js?v=7caa4f13:6028
[14884979ms] [ERROR] Failed to load resource: net::ERR_INTERNET_DISCONNECTED @ https://snvdwamqjreuhtyrrrlg.supabase.co/auth/v1/token?grant_type=refresh_token:0
[14885247ms] [ERROR] Failed to load resource: net::ERR_INTERNET_DISCONNECTED @ https://snvdwamqjreuhtyrrrlg.supabase.co/auth/v1/token?grant_type=refresh_token:0
[14885709ms] [ERROR] Failed to load resource: net::ERR_INTERNET_DISCONNECTED @ https://snvdwamqjreuhtyrrrlg.supabase.co/auth/v1/token?grant_type=refresh_token:0
[14886575ms] [ERROR] Failed to load resource: net::ERR_INTERNET_DISCONNECTED @ https://snvdwamqjreuhtyrrrlg.supabase.co/auth/v1/token?grant_type=refresh_token:0
[14888233ms] [ERROR] Failed to load resource: net::ERR_INTERNET_DISCONNECTED @ https://snvdwamqjreuhtyrrrlg.supabase.co/auth/v1/token?grant_type=refresh_token:0
[14891516ms] [ERROR] Failed to load resource: net::ERR_INTERNET_DISCONNECTED @ https://snvdwamqjreuhtyrrrlg.supabase.co/auth/v1/token?grant_type=refresh_token:0
[14897973ms] [ERROR] Failed to load resource: net::ERR_INTERNET_DISCONNECTED @ https://snvdwamqjreuhtyrrrlg.supabase.co/auth/v1/token?grant_type=refresh_token:0
[14911191ms] [ERROR] Failed to load resource: net::ERR_INTERNET_DISCONNECTED @ https://snvdwamqjreuhtyrrrlg.supabase.co/auth/v1/token?grant_type=refresh_token:0
[14911212ms] [ERROR] WebSocket connection to 'wss://snvdwamqjreuhtyrrrlg.supabase.co/realtime/v1/websocket?apikey=eyJhbGciOiJIUzI1NiIsInR5cCI6IkpXVCJ9.eyJpc3MiOiJzdXBhYmFzZSIsInJlZiI6InNudmR3YW1xanJldWh0eXJycmxnIiwicm9sZSI6ImFub24iLCJpYXQiOjE3ODcxMzI3ODEsImV4cCI6MjEwMjcwODc4MX0.slSsb4BXyCS12h3VE4I_OOhQQXv0v7lvwFUSztzHLPU&vsn=2.0.0' failed: Error in connection establishment: net::ERR_INTERNET_DISCONNECTED @ http://localhost:3000/node_modules/.vite/deps/@supabase_supabase-js.js?v=7caa4f13:6028
[14921267ms] [ERROR] WebSocket connection to 'wss://snvdwamqjreuhtyrrrlg.supabase.co/realtime/v1/websocket?apikey=eyJhbGciOiJIUzI1NiIsInR5cCI6IkpXVCJ9.eyJpc3MiOiJzdXBhYmFzZSIsInJlZiI6InNudmR3YW1xanJldWh0eXJycmxnIiwicm9sZSI6ImFub24iLCJpYXQiOjE3ODcxMzI3ODEsImV4cCI6MjEwMjcwODc4MX0.slSsb4BXyCS12h3VE4I_OOhQQXv0v7lvwFUSztzHLPU&vsn=2.0.0' failed: Error in connection establishment: net::ERR_INTERNET_DISCONNECTED @ http://localhost:3000/node_modules/.vite/deps/@supabase_supabase-js.js?v=7caa4f13:6028
[14931319ms] [ERROR] WebSocket connection to 'wss://snvdwamqjreuhtyrrrlg.supabase.co/realtime/v1/websocket?apikey=eyJhbGciOiJIUzI1NiIsInR5cCI6IkpXVCJ9.eyJpc3MiOiJzdXBhYmFzZSIsInJlZiI6InNudmR3YW1xanJldWh0eXJycmxnIiwicm9sZSI6ImFub24iLCJpYXQiOjE3ODcxMzI3ODEsImV4cCI6MjEwMjcwODc4MX0.slSsb4BXyCS12h3VE4I_OOhQQXv0v7lvwFUSztzHLPU&vsn=2.0.0' failed: Error in connection establishment: net::ERR_INTERNET_DISCONNECTED @ http://localhost:3000/node_modules/.vite/deps/@supabase_supabase-js.js?v=7caa4f13:6028
[14941381ms] [ERROR] WebSocket connection to 'wss://snvdwamqjreuhtyrrrlg.supabase.co/realtime/v1/websocket?apikey=eyJhbGciOiJIUzI1NiIsInR5cCI6IkpXVCJ9.eyJpc3MiOiJzdXBhYmFzZSIsInJlZiI6InNudmR3YW1xanJldWh0eXJycmxnIiwicm9sZSI6ImFub24iLCJpYXQiOjE3ODcxMzI3ODEsImV4cCI6MjEwMjcwODc4MX0.slSsb4BXyCS12h3VE4I_OOhQQXv0v7lvwFUSztzHLPU&vsn=2.0.0' failed: Error in connection establishment: net::ERR_INTERNET_DISCONNECTED @ http://localhost:3000/node_modules/.vite/deps/@supabase_supabase-js.js?v=7caa4f13:6028
[14951432ms] [ERROR] WebSocket connection to 'wss://snvdwamqjreuhtyrrrlg.supabase.co/realtime/v1/websocket?apikey=eyJhbGciOiJIUzI1NiIsInR5cCI6IkpXVCJ9.eyJpc3MiOiJzdXBhYmFzZSIsInJlZiI6InNudmR3YW1xanJldWh0eXJycmxnIiwicm9sZSI6ImFub24iLCJpYXQiOjE3ODcxMzI3ODEsImV4cCI6MjEwMjcwODc4MX0.slSsb4BXyCS12h3VE4I_OOhQQXv0v7lvwFUSztzHLPU&vsn=2.0.0' failed: Error in connection establishment: net::ERR_INTERNET_DISCONNECTED @ http://localhost:3000/node_modules/.vite/deps/@supabase_supabase-js.js?v=7caa4f13:6028
[14961488ms] [ERROR] WebSocket connection to 'wss://snvdwamqjreuhtyrrrlg.supabase.co/realtime/v1/websocket?apikey=eyJhbGciOiJIUzI1NiIsInR5cCI6IkpXVCJ9.eyJpc3MiOiJzdXBhYmFzZSIsInJlZiI6InNudmR3YW1xanJldWh0eXJycmxnIiwicm9sZSI6ImFub24iLCJpYXQiOjE3ODcxMzI3ODEsImV4cCI6MjEwMjcwODc4MX0.slSsb4BXyCS12h3VE4I_OOhQQXv0v7lvwFUSztzHLPU&vsn=2.0.0' failed: Error in connection establishment: net::ERR_INTERNET_DISCONNECTED @ http://localhost:3000/node_modules/.vite/deps/@supabase_supabase-js.js?v=7caa4f13:6028
[14971566ms] [ERROR] WebSocket connection to 'wss://snvdwamqjreuhtyrrrlg.supabase.co/realtime/v1/websocket?apikey=eyJhbGciOiJIUzI1NiIsInR5cCI6IkpXVCJ9.eyJpc3MiOiJzdXBhYmFzZSIsInJlZiI6InNudmR3YW1xanJldWh0eXJycmxnIiwicm9sZSI6ImFub24iLCJpYXQiOjE3ODcxMzI3ODEsImV4cCI6MjEwMjcwODc4MX0.slSsb4BXyCS12h3VE4I_OOhQQXv0v7lvwFUSztzHLPU&vsn=2.0.0' failed: Error in connection establishment: net::ERR_INTERNET_DISCONNECTED @ http://localhost:3000/node_modules/.vite/deps/@supabase_supabase-js.js?v=7caa4f13:6028
[14971566ms] [ERROR] Failed to load resource: net::ERR_INTERNET_DISCONNECTED @ https://snvdwamqjreuhtyrrrlg.supabase.co/auth/v1/token?grant_type=refresh_token:0
[14971830ms] [ERROR] Failed to load resource: net::ERR_INTERNET_DISCONNECTED @ https://snvdwamqjreuhtyrrrlg.supabase.co/auth/v1/token?grant_type=refresh_token:0
[14972289ms] [ERROR] Failed to load resource: net::ERR_INTERNET_DISCONNECTED @ https://snvdwamqjreuhtyrrrlg.supabase.co/auth/v1/token?grant_type=refresh_token:0
[14973182ms] [ERROR] Failed to load resource: net::ERR_INTERNET_DISCONNECTED @ https://snvdwamqjreuhtyrrrlg.supabase.co/auth/v1/token?grant_type=refresh_token:0
[14974856ms] [ERROR] Failed to load resource: net::ERR_INTERNET_DISCONNECTED @ https://snvdwamqjreuhtyrrrlg.supabase.co/auth/v1/token?grant_type=refresh_token:0
[14978129ms] [ERROR] Failed to load resource: net::ERR_INTERNET_DISCONNECTED @ https://snvdwamqjreuhtyrrrlg.supabase.co/auth/v1/token?grant_type=refresh_token:0
[14984575ms] [ERROR] Failed to load resource: net::ERR_INTERNET_DISCONNECTED @ https://snvdwamqjreuhtyrrrlg.supabase.co/auth/v1/token?grant_type=refresh_token:0
[14997440ms] [ERROR] Failed to load resource: net::ERR_INTERNET_DISCONNECTED @ https://snvdwamqjreuhtyrrrlg.supabase.co/auth/v1/token?grant_type=refresh_token:0
[14997464ms] [ERROR] WebSocket connection to 'wss://snvdwamqjreuhtyrrrlg.supabase.co/realtime/v1/websocket?apikey=eyJhbGciOiJIUzI1NiIsInR5cCI6IkpXVCJ9.eyJpc3MiOiJzdXBhYmFzZSIsInJlZiI6InNudmR3YW1xanJldWh0eXJycmxnIiwicm9sZSI6ImFub24iLCJpYXQiOjE3ODcxMzI3ODEsImV4cCI6MjEwMjcwODc4MX0.slSsb4BXyCS12h3VE4I_OOhQQXv0v7lvwFUSztzHLPU&vsn=2.0.0' failed: Error in connection establishment: net::ERR_INTERNET_DISCONNECTED @ http://localhost:3000/node_modules/.vite/deps/@supabase_supabase-js.js?v=7caa4f13:6028
[15007501ms] [ERROR] WebSocket connection to 'wss://snvdwamqjreuhtyrrrlg.supabase.co/realtime/v1/websocket?apikey=eyJhbGciOiJIUzI1NiIsInR5cCI6IkpXVCJ9.eyJpc3MiOiJzdXBhYmFzZSIsInJlZiI6InNudmR3YW1xanJldWh0eXJycmxnIiwicm9sZSI6ImFub24iLCJpYXQiOjE3ODcxMzI3ODEsImV4cCI6MjEwMjcwODc4MX0.slSsb4BXyCS12h3VE4I_OOhQQXv0v7lvwFUSztzHLPU&vsn=2.0.0' failed: Error in connection establishment: net::ERR_INTERNET_DISCONNECTED @ http://localhost:3000/node_modules/.vite/deps/@supabase_supabase-js.js?v=7caa4f13:6028
[15017556ms] [ERROR] WebSocket connection to 'wss://snvdwamqjreuhtyrrrlg.supabase.co/realtime/v1/websocket?apikey=eyJhbGciOiJIUzI1NiIsInR5cCI6IkpXVCJ9.eyJpc3MiOiJzdXBhYmFzZSIsInJlZiI6InNudmR3YW1xanJldWh0eXJycmxnIiwicm9sZSI6ImFub24iLCJpYXQiOjE3ODcxMzI3ODEsImV4cCI6MjEwMjcwODc4MX0.slSsb4BXyCS12h3VE4I_OOhQQXv0v7lvwFUSztzHLPU&vsn=2.0.0' failed: Error in connection establishment: net::ERR_INTERNET_DISCONNECTED @ http://localhost:3000/node_modules/.vite/deps/@supabase_supabase-js.js?v=7caa4f13:6028
[15027600ms] [ERROR] WebSocket connection to 'wss://snvdwamqjreuhtyrrrlg.supabase.co/realtime/v1/websocket?apikey=eyJhbGciOiJIUzI1NiIsInR5cCI6IkpXVCJ9.eyJpc3MiOiJzdXBhYmFzZSIsInJlZiI6InNudmR3YW1xanJldWh0eXJycmxnIiwicm9sZSI6ImFub24iLCJpYXQiOjE3ODcxMzI3ODEsImV4cCI6MjEwMjcwODc4MX0.slSsb4BXyCS12h3VE4I_OOhQQXv0v7lvwFUSztzHLPU&vsn=2.0.0' failed: Error in connection establishment: net::ERR_INTERNET_DISCONNECTED @ http://localhost:3000/node_modules/.vite/deps/@supabase_supabase-js.js?v=7caa4f13:6028
[15037635ms] [ERROR] WebSocket connection to 'wss://snvdwamqjreuhtyrrrlg.supabase.co/realtime/v1/websocket?apikey=eyJhbGciOiJIUzI1NiIsInR5cCI6IkpXVCJ9.eyJpc3MiOiJzdXBhYmFzZSIsInJlZiI6InNudmR3YW1xanJldWh0eXJycmxnIiwicm9sZSI6ImFub24iLCJpYXQiOjE3ODcxMzI3ODEsImV4cCI6MjEwMjcwODc4MX0.slSsb4BXyCS12h3VE4I_OOhQQXv0v7lvwFUSztzHLPU&vsn=2.0.0' failed: Error in connection establishment: net::ERR_INTERNET_DISCONNECTED @ http://localhost:3000/node_modules/.vite/deps/@supabase_supabase-js.js?v=7caa4f13:6028
[15048451ms] [ERROR] WebSocket connection to 'wss://snvdwamqjreuhtyrrrlg.supabase.co/realtime/v1/websocket?apikey=eyJhbGciOiJIUzI1NiIsInR5cCI6IkpXVCJ9.eyJpc3MiOiJzdXBhYmFzZSIsInJlZiI6InNudmR3YW1xanJldWh0eXJycmxnIiwicm9sZSI6ImFub24iLCJpYXQiOjE3ODcxMzI3ODEsImV4cCI6MjEwMjcwODc4MX0.slSsb4BXyCS12h3VE4I_OOhQQXv0v7lvwFUSztzHLPU&vsn=2.0.0' failed: Error in connection establishment: net::ERR_INTERNET_DISCONNECTED @ http://localhost:3000/node_modules/.vite/deps/@supabase_supabase-js.js?v=7caa4f13:6028
[15058523ms] [ERROR] WebSocket connection to 'wss://snvdwamqjreuhtyrrrlg.supabase.co/realtime/v1/websocket?apikey=eyJhbGciOiJIUzI1NiIsInR5cCI6IkpXVCJ9.eyJpc3MiOiJzdXBhYmFzZSIsInJlZiI6InNudmR3YW1xanJldWh0eXJycmxnIiwicm9sZSI6ImFub24iLCJpYXQiOjE3ODcxMzI3ODEsImV4cCI6MjEwMjcwODc4MX0.slSsb4BXyCS12h3VE4I_OOhQQXv0v7lvwFUSztzHLPU&vsn=2.0.0' failed: Error in connection establishment: net::ERR_INTERNET_DISCONNECTED @ http://localhost:3000/node_modules/.vite/deps/@supabase_supabase-js.js?v=7caa4f13:6028
[15058524ms] [ERROR] Failed to load resource: net::ERR_INTERNET_DISCONNECTED @ https://snvdwamqjreuhtyrrrlg.supabase.co/auth/v1/token?grant_type=refresh_token:0
[15058772ms] [ERROR] Failed to load resource: net::ERR_INTERNET_DISCONNECTED @ https://snvdwamqjreuhtyrrrlg.supabase.co/auth/v1/token?grant_type=refresh_token:0
[15059251ms] [ERROR] Failed to load resource: net::ERR_INTERNET_DISCONNECTED @ https://snvdwamqjreuhtyrrrlg.supabase.co/auth/v1/token?grant_type=refresh_token:0
[15060115ms] [ERROR] Failed to load resource: net::ERR_INTERNET_DISCONNECTED @ https://snvdwamqjreuhtyrrrlg.supabase.co/auth/v1/token?grant_type=refresh_token:0
[15061772ms] [ERROR] Failed to load resource: net::ERR_INTERNET_DISCONNECTED @ https://snvdwamqjreuhtyrrrlg.supabase.co/auth/v1/token?grant_type=refresh_token:0
[15065003ms] [ERROR] Failed to load resource: net::ERR_INTERNET_DISCONNECTED @ https://snvdwamqjreuhtyrrrlg.supabase.co/auth/v1/token?grant_type=refresh_token:0
[15071455ms] [ERROR] Failed to load resource: net::ERR_INTERNET_DISCONNECTED @ https://snvdwamqjreuhtyrrrlg.supabase.co/auth/v1/token?grant_type=refresh_token:0
[15087259ms] [ERROR] Failed to load resource: net::ERR_INTERNET_DISCONNECTED @ https://snvdwamqjreuhtyrrrlg.supabase.co/auth/v1/token?grant_type=refresh_token:0
[15087300ms] [ERROR] WebSocket connection to 'wss://snvdwamqjreuhtyrrrlg.supabase.co/realtime/v1/websocket?apikey=eyJhbGciOiJIUzI1NiIsInR5cCI6IkpXVCJ9.eyJpc3MiOiJzdXBhYmFzZSIsInJlZiI6InNudmR3YW1xanJldWh0eXJycmxnIiwicm9sZSI6ImFub24iLCJpYXQiOjE3ODcxMzI3ODEsImV4cCI6MjEwMjcwODc4MX0.slSsb4BXyCS12h3VE4I_OOhQQXv0v7lvwFUSztzHLPU&vsn=2.0.0' failed: Error in connection establishment: net::ERR_INTERNET_DISCONNECTED @ http://localhost:3000/node_modules/.vite/deps/@supabase_supabase-js.js?v=7caa4f13:6028
[15097356ms] [ERROR] WebSocket connection to 'wss://snvdwamqjreuhtyrrrlg.supabase.co/realtime/v1/websocket?apikey=eyJhbGciOiJIUzI1NiIsInR5cCI6IkpXVCJ9.eyJpc3MiOiJzdXBhYmFzZSIsInJlZiI6InNudmR3YW1xanJldWh0eXJycmxnIiwicm9sZSI6ImFub24iLCJpYXQiOjE3ODcxMzI3ODEsImV4cCI6MjEwMjcwODc4MX0.slSsb4BXyCS12h3VE4I_OOhQQXv0v7lvwFUSztzHLPU&vsn=2.0.0' failed: Error in connection establishment: net::ERR_INTERNET_DISCONNECTED @ http://localhost:3000/node_modules/.vite/deps/@supabase_supabase-js.js?v=7caa4f13:6028
[15107430ms] [ERROR] WebSocket connection to 'wss://snvdwamqjreuhtyrrrlg.supabase.co/realtime/v1/websocket?apikey=eyJhbGciOiJIUzI1NiIsInR5cCI6IkpXVCJ9.eyJpc3MiOiJzdXBhYmFzZSIsInJlZiI6InNudmR3YW1xanJldWh0eXJycmxnIiwicm9sZSI6ImFub24iLCJpYXQiOjE3ODcxMzI3ODEsImV4cCI6MjEwMjcwODc4MX0.slSsb4BXyCS12h3VE4I_OOhQQXv0v7lvwFUSztzHLPU&vsn=2.0.0' failed: Error in connection establishment: net::ERR_INTERNET_DISCONNECTED @ http://localhost:3000/node_modules/.vite/deps/@supabase_supabase-js.js?v=7caa4f13:6028
[15118925ms] [ERROR] WebSocket connection to 'wss://snvdwamqjreuhtyrrrlg.supabase.co/realtime/v1/websocket?apikey=eyJhbGciOiJIUzI1NiIsInR5cCI6IkpXVCJ9.eyJpc3MiOiJzdXBhYmFzZSIsInJlZiI6InNudmR3YW1xanJldWh0eXJycmxnIiwicm9sZSI6ImFub24iLCJpYXQiOjE3ODcxMzI3ODEsImV4cCI6MjEwMjcwODc4MX0.slSsb4BXyCS12h3VE4I_OOhQQXv0v7lvwFUSztzHLPU&vsn=2.0.0' failed: Error in connection establishment: net::ERR_INTERNET_DISCONNECTED @ http://localhost:3000/node_modules/.vite/deps/@supabase_supabase-js.js?v=7caa4f13:6028
[15129044ms] [ERROR] WebSocket connection to 'wss://snvdwamqjreuhtyrrrlg.supabase.co/realtime/v1/websocket?apikey=eyJhbGciOiJIUzI1NiIsInR5cCI6IkpXVCJ9.eyJpc3MiOiJzdXBhYmFzZSIsInJlZiI6InNudmR3YW1xanJldWh0eXJycmxnIiwicm9sZSI6ImFub24iLCJpYXQiOjE3ODcxMzI3ODEsImV4cCI6MjEwMjcwODc4MX0.slSsb4BXyCS12h3VE4I_OOhQQXv0v7lvwFUSztzHLPU&vsn=2.0.0' failed: Error in connection establishment: net::ERR_INTERNET_DISCONNECTED @ http://localhost:3000/node_modules/.vite/deps/@supabase_supabase-js.js?v=7caa4f13:6028
[15139188ms] [ERROR] WebSocket connection to 'wss://snvdwamqjreuhtyrrrlg.supabase.co/realtime/v1/websocket?apikey=eyJhbGciOiJIUzI1NiIsInR5cCI6IkpXVCJ9.eyJpc3MiOiJzdXBhYmFzZSIsInJlZiI6InNudmR3YW1xanJldWh0eXJycmxnIiwicm9sZSI6ImFub24iLCJpYXQiOjE3ODcxMzI3ODEsImV4cCI6MjEwMjcwODc4MX0.slSsb4BXyCS12h3VE4I_OOhQQXv0v7lvwFUSztzHLPU&vsn=2.0.0' failed: Error in connection establishment: net::ERR_INTERNET_DISCONNECTED @ http://localhost:3000/node_modules/.vite/deps/@supabase_supabase-js.js?v=7caa4f13:6028
[15149250ms] [ERROR] Failed to load resource: net::ERR_INTERNET_DISCONNECTED @ https://snvdwamqjreuhtyrrrlg.supabase.co/auth/v1/token?grant_type=refresh_token:0
[15149516ms] [ERROR] Failed to load resource: net::ERR_INTERNET_DISCONNECTED @ https://snvdwamqjreuhtyrrrlg.supabase.co/auth/v1/token?grant_type=refresh_token:0
[15149731ms] [ERROR] WebSocket connection to 'wss://snvdwamqjreuhtyrrrlg.supabase.co/realtime/v1/websocket?apikey=eyJhbGciOiJIUzI1NiIsInR5cCI6IkpXVCJ9.eyJpc3MiOiJzdXBhYmFzZSIsInJlZiI6InNudmR3YW1xanJldWh0eXJycmxnIiwicm9sZSI6ImFub24iLCJpYXQiOjE3ODcxMzI3ODEsImV4cCI6MjEwMjcwODc4MX0.slSsb4BXyCS12h3VE4I_OOhQQXv0v7lvwFUSztzHLPU&vsn=2.0.0' failed: Error in connection establishment: net::ERR_INTERNET_DISCONNECTED @ http://localhost:3000/node_modules/.vite/deps/@supabase_supabase-js.js?v=7caa4f13:6028
[15149965ms] [ERROR] Failed to load resource: net::ERR_INTERNET_DISCONNECTED @ https://snvdwamqjreuhtyrrrlg.supabase.co/auth/v1/token?grant_type=refresh_token:0
[15150820ms] [ERROR] Failed to load resource: net::ERR_INTERNET_DISCONNECTED @ https://snvdwamqjreuhtyrrrlg.supabase.co/auth/v1/token?grant_type=refresh_token:0
[15152483ms] [ERROR] Failed to load resource: net::ERR_INTERNET_DISCONNECTED @ https://snvdwamqjreuhtyrrrlg.supabase.co/auth/v1/token?grant_type=refresh_token:0
[15155744ms] [ERROR] Failed to load resource: net::ERR_INTERNET_DISCONNECTED @ https://snvdwamqjreuhtyrrrlg.supabase.co/auth/v1/token?grant_type=refresh_token:0
[15162960ms] [ERROR] Failed to load resource: net::ERR_INTERNET_DISCONNECTED @ https://snvdwamqjreuhtyrrrlg.supabase.co/auth/v1/token?grant_type=refresh_token:0
[15175839ms] [ERROR] Failed to load resource: net::ERR_INTERNET_DISCONNECTED @ https://snvdwamqjreuhtyrrrlg.supabase.co/auth/v1/token?grant_type=refresh_token:0
[15176167ms] [ERROR] WebSocket connection to 'wss://snvdwamqjreuhtyrrrlg.supabase.co/realtime/v1/websocket?apikey=eyJhbGciOiJIUzI1NiIsInR5cCI6IkpXVCJ9.eyJpc3MiOiJzdXBhYmFzZSIsInJlZiI6InNudmR3YW1xanJldWh0eXJycmxnIiwicm9sZSI6ImFub24iLCJpYXQiOjE3ODcxMzI3ODEsImV4cCI6MjEwMjcwODc4MX0.slSsb4BXyCS12h3VE4I_OOhQQXv0v7lvwFUSztzHLPU&vsn=2.0.0' failed: Error in connection establishment: net::ERR_INTERNET_DISCONNECTED @ http://localhost:3000/node_modules/.vite/deps/@supabase_supabase-js.js?v=7caa4f13:6028
[15188593ms] [ERROR] WebSocket connection to 'wss://snvdwamqjreuhtyrrrlg.supabase.co/realtime/v1/websocket?apikey=eyJhbGciOiJIUzI1NiIsInR5cCI6IkpXVCJ9.eyJpc3MiOiJzdXBhYmFzZSIsInJlZiI6InNudmR3YW1xanJldWh0eXJycmxnIiwicm9sZSI6ImFub24iLCJpYXQiOjE3ODcxMzI3ODEsImV4cCI6MjEwMjcwODc4MX0.slSsb4BXyCS12h3VE4I_OOhQQXv0v7lvwFUSztzHLPU&vsn=2.0.0' failed: Error in connection establishment: net::ERR_INTERNET_DISCONNECTED @ http://localhost:3000/node_modules/.vite/deps/@supabase_supabase-js.js?v=7caa4f13:6028
[15199841ms] [ERROR] WebSocket connection to 'wss://snvdwamqjreuhtyrrrlg.supabase.co/realtime/v1/websocket?apikey=eyJhbGciOiJIUzI1NiIsInR5cCI6IkpXVCJ9.eyJpc3MiOiJzdXBhYmFzZSIsInJlZiI6InNudmR3YW1xanJldWh0eXJycmxnIiwicm9sZSI6ImFub24iLCJpYXQiOjE3ODcxMzI3ODEsImV4cCI6MjEwMjcwODc4MX0.slSsb4BXyCS12h3VE4I_OOhQQXv0v7lvwFUSztzHLPU&vsn=2.0.0' failed: Error in connection establishment: net::ERR_INTERNET_DISCONNECTED @ http://localhost:3000/node_modules/.vite/deps/@supabase_supabase-js.js?v=7caa4f13:6028
[15213417ms] [ERROR] WebSocket connection to 'wss://snvdwamqjreuhtyrrrlg.supabase.co/realtime/v1/websocket?apikey=eyJhbGciOiJIUzI1NiIsInR5cCI6IkpXVCJ9.eyJpc3MiOiJzdXBhYmFzZSIsInJlZiI6InNudmR3YW1xanJldWh0eXJycmxnIiwicm9sZSI6ImFub24iLCJpYXQiOjE3ODcxMzI3ODEsImV4cCI6MjEwMjcwODc4MX0.slSsb4BXyCS12h3VE4I_OOhQQXv0v7lvwFUSztzHLPU&vsn=2.0.0' failed: Error in connection establishment: net::ERR_INTERNET_DISCONNECTED @ http://localhost:3000/node_modules/.vite/deps/@supabase_supabase-js.js?v=7caa4f13:6028
[15226837ms] [ERROR] WebSocket connection to 'wss://snvdwamqjreuhtyrrrlg.supabase.co/realtime/v1/websocket?apikey=eyJhbGciOiJIUzI1NiIsInR5cCI6IkpXVCJ9.eyJpc3MiOiJzdXBhYmFzZSIsInJlZiI6InNudmR3YW1xanJldWh0eXJycmxnIiwicm9sZSI6ImFub24iLCJpYXQiOjE3ODcxMzI3ODEsImV4cCI6MjEwMjcwODc4MX0.slSsb4BXyCS12h3VE4I_OOhQQXv0v7lvwFUSztzHLPU&vsn=2.0.0' failed: Error in connection establishment: net::ERR_INTERNET_DISCONNECTED @ http://localhost:3000/node_modules/.vite/deps/@supabase_supabase-js.js?v=7caa4f13:6028
[15236907ms] [ERROR] Failed to load resource: net::ERR_INTERNET_DISCONNECTED @ https://snvdwamqjreuhtyrrrlg.supabase.co/auth/v1/token?grant_type=refresh_token:0
[15237182ms] [ERROR] Failed to load resource: net::ERR_INTERNET_DISCONNECTED @ https://snvdwamqjreuhtyrrrlg.supabase.co/auth/v1/token?grant_type=refresh_token:0
[15237644ms] [ERROR] Failed to load resource: net::ERR_INTERNET_DISCONNECTED @ https://snvdwamqjreuhtyrrrlg.supabase.co/auth/v1/token?grant_type=refresh_token:0
[15238531ms] [ERROR] Failed to load resource: net::ERR_INTERNET_DISCONNECTED @ https://snvdwamqjreuhtyrrrlg.supabase.co/auth/v1/token?grant_type=refresh_token:0
[15239583ms] [ERROR] WebSocket connection to 'wss://snvdwamqjreuhtyrrrlg.supabase.co/realtime/v1/websocket?apikey=eyJhbGciOiJIUzI1NiIsInR5cCI6IkpXVCJ9.eyJpc3MiOiJzdXBhYmFzZSIsInJlZiI6InNudmR3YW1xanJldWh0eXJycmxnIiwicm9sZSI6ImFub24iLCJpYXQiOjE3ODcxMzI3ODEsImV4cCI6MjEwMjcwODc4MX0.slSsb4BXyCS12h3VE4I_OOhQQXv0v7lvwFUSztzHLPU&vsn=2.0.0' failed: Error in connection establishment: net::ERR_INTERNET_DISCONNECTED @ http://localhost:3000/node_modules/.vite/deps/@supabase_supabase-js.js?v=7caa4f13:6028
[15240213ms] [ERROR] Failed to load resource: net::ERR_INTERNET_DISCONNECTED @ https://snvdwamqjreuhtyrrrlg.supabase.co/auth/v1/token?grant_type=refresh_token:0
[15243469ms] [ERROR] Failed to load resource: net::ERR_INTERNET_DISCONNECTED @ https://snvdwamqjreuhtyrrrlg.supabase.co/auth/v1/token?grant_type=refresh_token:0
[15249923ms] [ERROR] Failed to load resource: net::ERR_INTERNET_DISCONNECTED @ https://snvdwamqjreuhtyrrrlg.supabase.co/auth/v1/token?grant_type=refresh_token:0
[15263300ms] [ERROR] Failed to load resource: net::ERR_INTERNET_DISCONNECTED @ https://snvdwamqjreuhtyrrrlg.supabase.co/auth/v1/token?grant_type=refresh_token:0
[15263362ms] [ERROR] WebSocket connection to 'wss://snvdwamqjreuhtyrrrlg.supabase.co/realtime/v1/websocket?apikey=eyJhbGciOiJIUzI1NiIsInR5cCI6IkpXVCJ9.eyJpc3MiOiJzdXBhYmFzZSIsInJlZiI6InNudmR3YW1xanJldWh0eXJycmxnIiwicm9sZSI6ImFub24iLCJpYXQiOjE3ODcxMzI3ODEsImV4cCI6MjEwMjcwODc4MX0.slSsb4BXyCS12h3VE4I_OOhQQXv0v7lvwFUSztzHLPU&vsn=2.0.0' failed: Error in connection establishment: net::ERR_INTERNET_DISCONNECTED @ http://localhost:3000/node_modules/.vite/deps/@supabase_supabase-js.js?v=7caa4f13:6028
[15273439ms] [ERROR] WebSocket connection to 'wss://snvdwamqjreuhtyrrrlg.supabase.co/realtime/v1/websocket?apikey=eyJhbGciOiJIUzI1NiIsInR5cCI6IkpXVCJ9.eyJpc3MiOiJzdXBhYmFzZSIsInJlZiI6InNudmR3YW1xanJldWh0eXJycmxnIiwicm9sZSI6ImFub24iLCJpYXQiOjE3ODcxMzI3ODEsImV4cCI6MjEwMjcwODc4MX0.slSsb4BXyCS12h3VE4I_OOhQQXv0v7lvwFUSztzHLPU&vsn=2.0.0' failed: Error in connection establishment: net::ERR_INTERNET_DISCONNECTED @ http://localhost:3000/node_modules/.vite/deps/@supabase_supabase-js.js?v=7caa4f13:6028
[15283726ms] [ERROR] WebSocket connection to 'wss://snvdwamqjreuhtyrrrlg.supabase.co/realtime/v1/websocket?apikey=eyJhbGciOiJIUzI1NiIsInR5cCI6IkpXVCJ9.eyJpc3MiOiJzdXBhYmFzZSIsInJlZiI6InNudmR3YW1xanJldWh0eXJycmxnIiwicm9sZSI6ImFub24iLCJpYXQiOjE3ODcxMzI3ODEsImV4cCI6MjEwMjcwODc4MX0.slSsb4BXyCS12h3VE4I_OOhQQXv0v7lvwFUSztzHLPU&vsn=2.0.0' failed: Error in connection establishment: net::ERR_INTERNET_DISCONNECTED @ http://localhost:3000/node_modules/.vite/deps/@supabase_supabase-js.js?v=7caa4f13:6028
[15294365ms] [ERROR] WebSocket connection to 'wss://snvdwamqjreuhtyrrrlg.supabase.co/realtime/v1/websocket?apikey=eyJhbGciOiJIUzI1NiIsInR5cCI6IkpXVCJ9.eyJpc3MiOiJzdXBhYmFzZSIsInJlZiI6InNudmR3YW1xanJldWh0eXJycmxnIiwicm9sZSI6ImFub24iLCJpYXQiOjE3ODcxMzI3ODEsImV4cCI6MjEwMjcwODc4MX0.slSsb4BXyCS12h3VE4I_OOhQQXv0v7lvwFUSztzHLPU&vsn=2.0.0' failed: Error in connection establishment: net::ERR_INTERNET_DISCONNECTED @ http://localhost:3000/node_modules/.vite/deps/@supabase_supabase-js.js?v=7caa4f13:6028
[15304759ms] [ERROR] WebSocket connection to 'wss://snvdwamqjreuhtyrrrlg.supabase.co/realtime/v1/websocket?apikey=eyJhbGciOiJIUzI1NiIsInR5cCI6IkpXVCJ9.eyJpc3MiOiJzdXBhYmFzZSIsInJlZiI6InNudmR3YW1xanJldWh0eXJycmxnIiwicm9sZSI6ImFub24iLCJpYXQiOjE3ODcxMzI3ODEsImV4cCI6MjEwMjcwODc4MX0.slSsb4BXyCS12h3VE4I_OOhQQXv0v7lvwFUSztzHLPU&vsn=2.0.0' failed: Error in connection establishment: net::ERR_INTERNET_DISCONNECTED @ http://localhost:3000/node_modules/.vite/deps/@supabase_supabase-js.js?v=7caa4f13:6028
[15316923ms] [ERROR] WebSocket connection to 'wss://snvdwamqjreuhtyrrrlg.supabase.co/realtime/v1/websocket?apikey=eyJhbGciOiJIUzI1NiIsInR5cCI6IkpXVCJ9.eyJpc3MiOiJzdXBhYmFzZSIsInJlZiI6InNudmR3YW1xanJldWh0eXJycmxnIiwicm9sZSI6ImFub24iLCJpYXQiOjE3ODcxMzI3ODEsImV4cCI6MjEwMjcwODc4MX0.slSsb4BXyCS12h3VE4I_OOhQQXv0v7lvwFUSztzHLPU&vsn=2.0.0' failed: Error in connection establishment: net::ERR_INTERNET_DISCONNECTED @ http://localhost:3000/node_modules/.vite/deps/@supabase_supabase-js.js?v=7caa4f13:6028
[15327617ms] [ERROR] Failed to load resource: net::ERR_INTERNET_DISCONNECTED @ https://snvdwamqjreuhtyrrrlg.supabase.co/auth/v1/token?grant_type=refresh_token:0
[15327895ms] [ERROR] Failed to load resource: net::ERR_INTERNET_DISCONNECTED @ https://snvdwamqjreuhtyrrrlg.supabase.co/auth/v1/token?grant_type=refresh_token:0
[15328367ms] [ERROR] Failed to load resource: net::ERR_INTERNET_DISCONNECTED @ https://snvdwamqjreuhtyrrrlg.supabase.co/auth/v1/token?grant_type=refresh_token:0
[15329240ms] [ERROR] Failed to load resource: net::ERR_INTERNET_DISCONNECTED @ https://snvdwamqjreuhtyrrrlg.supabase.co/auth/v1/token?grant_type=refresh_token:0
[15330927ms] [ERROR] Failed to load resource: net::ERR_INTERNET_DISCONNECTED @ https://snvdwamqjreuhtyrrrlg.supabase.co/auth/v1/token?grant_type=refresh_token:0
[15331160ms] [ERROR] WebSocket connection to 'wss://snvdwamqjreuhtyrrrlg.supabase.co/realtime/v1/websocket?apikey=eyJhbGciOiJIUzI1NiIsInR5cCI6IkpXVCJ9.eyJpc3MiOiJzdXBhYmFzZSIsInJlZiI6InNudmR3YW1xanJldWh0eXJycmxnIiwicm9sZSI6ImFub24iLCJpYXQiOjE3ODcxMzI3ODEsImV4cCI6MjEwMjcwODc4MX0.slSsb4BXyCS12h3VE4I_OOhQQXv0v7lvwFUSztzHLPU&vsn=2.0.0' failed: Error in connection establishment: net::ERR_INTERNET_DISCONNECTED @ http://localhost:3000/node_modules/.vite/deps/@supabase_supabase-js.js?v=7caa4f13:6028
[15334204ms] [ERROR] Failed to load resource: net::ERR_INTERNET_DISCONNECTED @ https://snvdwamqjreuhtyrrrlg.supabase.co/auth/v1/token?grant_type=refresh_token:0
[15340669ms] [ERROR] Failed to load resource: net::ERR_INTERNET_DISCONNECTED @ https://snvdwamqjreuhtyrrrlg.supabase.co/auth/v1/token?grant_type=refresh_token:0
[15353542ms] [ERROR] Failed to load resource: net::ERR_INTERNET_DISCONNECTED @ https://snvdwamqjreuhtyrrrlg.supabase.co/auth/v1/token?grant_type=refresh_token:0
[15356626ms] [ERROR] WebSocket connection to 'wss://snvdwamqjreuhtyrrrlg.supabase.co/realtime/v1/websocket?apikey=eyJhbGciOiJIUzI1NiIsInR5cCI6IkpXVCJ9.eyJpc3MiOiJzdXBhYmFzZSIsInJlZiI6InNudmR3YW1xanJldWh0eXJycmxnIiwicm9sZSI6ImFub24iLCJpYXQiOjE3ODcxMzI3ODEsImV4cCI6MjEwMjcwODc4MX0.slSsb4BXyCS12h3VE4I_OOhQQXv0v7lvwFUSztzHLPU&vsn=2.0.0' failed: Error in connection establishment: net::ERR_INTERNET_DISCONNECTED @ http://localhost:3000/node_modules/.vite/deps/@supabase_supabase-js.js?v=7caa4f13:6028
[15366660ms] [ERROR] WebSocket connection to 'wss://snvdwamqjreuhtyrrrlg.supabase.co/realtime/v1/websocket?apikey=eyJhbGciOiJIUzI1NiIsInR5cCI6IkpXVCJ9.eyJpc3MiOiJzdXBhYmFzZSIsInJlZiI6InNudmR3YW1xanJldWh0eXJycmxnIiwicm9sZSI6ImFub24iLCJpYXQiOjE3ODcxMzI3ODEsImV4cCI6MjEwMjcwODc4MX0.slSsb4BXyCS12h3VE4I_OOhQQXv0v7lvwFUSztzHLPU&vsn=2.0.0' failed: Error in connection establishment: net::ERR_INTERNET_DISCONNECTED @ http://localhost:3000/node_modules/.vite/deps/@supabase_supabase-js.js?v=7caa4f13:6028
[15376704ms] [ERROR] WebSocket connection to 'wss://snvdwamqjreuhtyrrrlg.supabase.co/realtime/v1/websocket?apikey=eyJhbGciOiJIUzI1NiIsInR5cCI6IkpXVCJ9.eyJpc3MiOiJzdXBhYmFzZSIsInJlZiI6InNudmR3YW1xanJldWh0eXJycmxnIiwicm9sZSI6ImFub24iLCJpYXQiOjE3ODcxMzI3ODEsImV4cCI6MjEwMjcwODc4MX0.slSsb4BXyCS12h3VE4I_OOhQQXv0v7lvwFUSztzHLPU&vsn=2.0.0' failed: Error in connection establishment: net::ERR_INTERNET_DISCONNECTED @ http://localhost:3000/node_modules/.vite/deps/@supabase_supabase-js.js?v=7caa4f13:6028
[15386742ms] [ERROR] WebSocket connection to 'wss://snvdwamqjreuhtyrrrlg.supabase.co/realtime/v1/websocket?apikey=eyJhbGciOiJIUzI1NiIsInR5cCI6IkpXVCJ9.eyJpc3MiOiJzdXBhYmFzZSIsInJlZiI6InNudmR3YW1xanJldWh0eXJycmxnIiwicm9sZSI6ImFub24iLCJpYXQiOjE3ODcxMzI3ODEsImV4cCI6MjEwMjcwODc4MX0.slSsb4BXyCS12h3VE4I_OOhQQXv0v7lvwFUSztzHLPU&vsn=2.0.0' failed: Error in connection establishment: net::ERR_INTERNET_DISCONNECTED @ http://localhost:3000/node_modules/.vite/deps/@supabase_supabase-js.js?v=7caa4f13:6028
[15396824ms] [ERROR] WebSocket connection to 'wss://snvdwamqjreuhtyrrrlg.supabase.co/realtime/v1/websocket?apikey=eyJhbGciOiJIUzI1NiIsInR5cCI6IkpXVCJ9.eyJpc3MiOiJzdXBhYmFzZSIsInJlZiI6InNudmR3YW1xanJldWh0eXJycmxnIiwicm9sZSI6ImFub24iLCJpYXQiOjE3ODcxMzI3ODEsImV4cCI6MjEwMjcwODc4MX0.slSsb4BXyCS12h3VE4I_OOhQQXv0v7lvwFUSztzHLPU&vsn=2.0.0' failed: Error in connection establishment: net::ERR_INTERNET_DISCONNECTED @ http://localhost:3000/node_modules/.vite/deps/@supabase_supabase-js.js?v=7caa4f13:6028
[15406882ms] [ERROR] WebSocket connection to 'wss://snvdwamqjreuhtyrrrlg.supabase.co/realtime/v1/websocket?apikey=eyJhbGciOiJIUzI1NiIsInR5cCI6IkpXVCJ9.eyJpc3MiOiJzdXBhYmFzZSIsInJlZiI6InNudmR3YW1xanJldWh0eXJycmxnIiwicm9sZSI6ImFub24iLCJpYXQiOjE3ODcxMzI3ODEsImV4cCI6MjEwMjcwODc4MX0.slSsb4BXyCS12h3VE4I_OOhQQXv0v7lvwFUSztzHLPU&vsn=2.0.0' failed: Error in connection establishment: net::ERR_INTERNET_DISCONNECTED @ http://localhost:3000/node_modules/.vite/deps/@supabase_supabase-js.js?v=7caa4f13:6028
[15416964ms] [ERROR] WebSocket connection to 'wss://snvdwamqjreuhtyrrrlg.supabase.co/realtime/v1/websocket?apikey=eyJhbGciOiJIUzI1NiIsInR5cCI6IkpXVCJ9.eyJpc3MiOiJzdXBhYmFzZSIsInJlZiI6InNudmR3YW1xanJldWh0eXJycmxnIiwicm9sZSI6ImFub24iLCJpYXQiOjE3ODcxMzI3ODEsImV4cCI6MjEwMjcwODc4MX0.slSsb4BXyCS12h3VE4I_OOhQQXv0v7lvwFUSztzHLPU&vsn=2.0.0' failed: Error in connection establishment: net::ERR_INTERNET_DISCONNECTED @ http://localhost:3000/node_modules/.vite/deps/@supabase_supabase-js.js?v=7caa4f13:6028
[15416965ms] [ERROR] Failed to load resource: net::ERR_INTERNET_DISCONNECTED @ https://snvdwamqjreuhtyrrrlg.supabase.co/auth/v1/token?grant_type=refresh_token:0
[15417259ms] [ERROR] Failed to load resource: net::ERR_INTERNET_DISCONNECTED @ https://snvdwamqjreuhtyrrrlg.supabase.co/auth/v1/token?grant_type=refresh_token:0
[15417745ms] [ERROR] Failed to load resource: net::ERR_INTERNET_DISCONNECTED @ https://snvdwamqjreuhtyrrrlg.supabase.co/auth/v1/token?grant_type=refresh_token:0
[15418639ms] [ERROR] Failed to load resource: net::ERR_INTERNET_DISCONNECTED @ https://snvdwamqjreuhtyrrrlg.supabase.co/auth/v1/token?grant_type=refresh_token:0
[15420315ms] [ERROR] Failed to load resource: net::ERR_INTERNET_DISCONNECTED @ https://snvdwamqjreuhtyrrrlg.supabase.co/auth/v1/token?grant_type=refresh_token:0
[15423593ms] [ERROR] Failed to load resource: net::ERR_INTERNET_DISCONNECTED @ https://snvdwamqjreuhtyrrrlg.supabase.co/auth/v1/token?grant_type=refresh_token:0
[15430052ms] [ERROR] Failed to load resource: net::ERR_INTERNET_DISCONNECTED @ https://snvdwamqjreuhtyrrrlg.supabase.co/auth/v1/token?grant_type=refresh_token:0
[15446831ms] [ERROR] Failed to load resource: net::ERR_NAME_NOT_RESOLVED @ https://snvdwamqjreuhtyrrrlg.supabase.co/auth/v1/token?grant_type=refresh_token:0
[15448761ms] [ERROR] WebSocket connection to 'wss://snvdwamqjreuhtyrrrlg.supabase.co/realtime/v1/websocket?apikey=eyJhbGciOiJIUzI1NiIsInR5cCI6IkpXVCJ9.eyJpc3MiOiJzdXBhYmFzZSIsInJlZiI6InNudmR3YW1xanJldWh0eXJycmxnIiwicm9sZSI6ImFub24iLCJpYXQiOjE3ODcxMzI3ODEsImV4cCI6MjEwMjcwODc4MX0.slSsb4BXyCS12h3VE4I_OOhQQXv0v7lvwFUSztzHLPU&vsn=2.0.0' failed: Error in connection establishment: net::ERR_INTERNET_DISCONNECTED @ http://localhost:3000/node_modules/.vite/deps/@supabase_supabase-js.js?v=7caa4f13:6028
[15458831ms] [ERROR] WebSocket connection to 'wss://snvdwamqjreuhtyrrrlg.supabase.co/realtime/v1/websocket?apikey=eyJhbGciOiJIUzI1NiIsInR5cCI6IkpXVCJ9.eyJpc3MiOiJzdXBhYmFzZSIsInJlZiI6InNudmR3YW1xanJldWh0eXJycmxnIiwicm9sZSI6ImFub24iLCJpYXQiOjE3ODcxMzI3ODEsImV4cCI6MjEwMjcwODc4MX0.slSsb4BXyCS12h3VE4I_OOhQQXv0v7lvwFUSztzHLPU&vsn=2.0.0' failed: Error in connection establishment: net::ERR_INTERNET_DISCONNECTED @ http://localhost:3000/node_modules/.vite/deps/@supabase_supabase-js.js?v=7caa4f13:6028
                                                                                                                  