[     412ms] [INFO] %cDownload the React DevTools for a better development experience: https://react.dev/link/react-devtools font-weight:bold @ http://localhost:3000/node_modules/.vite/deps/react-dom_client.js?v=feb1977c:14333
[    1010ms] [VERBOSE] [DOM] Input elements should have autocomplete attributes (suggested: "current-password"): (More info: https://goo.gl/9p2vKq) %o @ http://localhost:3000/sign-in:0
[  396203ms] [ERROR] React has detected a change in the order of Hooks called by %s. This will lead to bugs and errors if not fixed. For more information, read the Rules of Hooks: https://react.dev/link/rules-of-hooks

   Previous render            Next render
   ------------------------------------------------------
%s   ^^^^^^^^^^^^^^^^^^^^^^^^^^^^^^^^^^^^^^^^^^^^^^^^^^^^^^
 AppSidebar 1. useContext                 useContext
2. useCallback                useCallback
3. useCallback                useCallback
4. useSyncExternalStore       useSyncExternalStore
5. useDebugValue              useDebugValue
6. useCallback                useRef
 @ http://localhost:3000/@vite/client:528
[  396228ms] [ERROR] %o

%s

%s
 TypeError: Cannot read properties of null (reading 'getSnapshot')
    at updateSyncExternalStore (http://localhost:3000/node_modules/.vite/deps/react-dom_client.js?v=feb1977c:4541:13)
    at Object.useSyncExternalStore (http://localhost:3000/node_modules/.vite/deps/react-dom_client.js?v=feb1977c:13321:12)
    at exports.useSyncExternalStore (http://localhost:3000/node_modules/.vite/deps/react.js?v=26294af0:751:31)
    at useStore (http://localhost:3000/node_modules/.vite/deps/zustand.js?v=528d901d:36:29)
    at useBoundStore (http://localhost:3000/node_modules/.vite/deps/zustand.js?v=528d901d:42:38)
    at AppSidebar (http://localhost:3000/src/components/layout/app-sidebar.tsx?t=1787266844796:18:15)
    at Object.react_stack_bottom_frame (http://localhost:3000/node_modules/.vite/deps/react-dom_client.js?v=feb1977c:12864:12)
    at renderWithHooks (http://localhost:3000/node_modules/.vite/deps/react-dom_client.js?v=feb1977c:4211:19)
    at updateFunctionComponent (http://localhost:3000/node_modules/.vite/deps/react-dom_client.js?v=feb1977c:5567:16)
    at beginWork (http://localhost:3000/node_modules/.vite/deps/react-dom_client.js?v=feb1977c:6138:20) The above error occurred in the <AppSidebar> component. React will try to recreate this component tree from scratch using the error boundary you provided, CatchBoundaryImpl. @ http://localhost:3000/@vite/client:528
[  396230ms] [WARNING] Warning: Error in route match: __root__/ @ http://localhost:3000/@vite/client:528
[  584148ms] [ERROR] WebSocket connection to 'wss://snvdwamqjreuhtyrrrlg.supabase.co/realtime/v1/websocket?apikey=eyJhbGciOiJIUzI1NiIsInR5cCI6IkpXVCJ9.eyJpc3MiOiJzdXBhYmFzZSIsInJlZiI6InNudmR3YW1xanJldWh0eXJycmxnIiwicm9sZSI6ImFub24iLCJpYXQiOjE3ODcxMzI3ODEsImV4cCI6MjEwMjcwODc4MX0.slSsb4BXyCS12h3VE4I_OOhQQXv0v7lvwFUSztzHLPU&vsn=2.0.0' failed: WebSocket opening handshake timed out @ http://localhost:3000/node_modules/.vite/deps/@supabase_supabase-js.js?v=11f32daa:6028
[  612522ms] [ERROR] WebSocket connection to 'wss://snvdwamqjreuhtyrrrlg.supabase.co/realtime/v1/websocket?apikey=eyJhbGciOiJIUzI1NiIsInR5cCI6IkpXVCJ9.eyJpc3MiOiJzdXBhYmFzZSIsInJlZiI6InNudmR3YW1xanJldWh0eXJycmxnIiwicm9sZSI6ImFub24iLCJpYXQiOjE3ODcxMzI3ODEsImV4cCI6MjEwMjcwODc4MX0.slSsb4BXyCS12h3VE4I_OOhQQXv0v7lvwFUSztzHLPU&vsn=2.0.0' failed: Error in connection establishment: net::ERR_NAME_NOT_RESOLVED @ http://localhost:3000/node_modules/.vite/deps/@supabase_supabase-js.js?v=11f32daa:6028
[  617533ms] [ERROR] WebSocket connection to 'wss://snvdwamqjreuhtyrrrlg.supabase.co/realtime/v1/websocket?apikey=eyJhbGciOiJIUzI1NiIsInR5cCI6IkpXVCJ9.eyJpc3MiOiJzdXBhYmFzZSIsInJlZiI6InNudmR3YW1xanJldWh0eXJycmxnIiwicm9sZSI6ImFub24iLCJpYXQiOjE3ODcxMzI3ODEsImV4cCI6MjEwMjcwODc4MX0.slSsb4BXyCS12h3VE4I_OOhQQXv0v7lvwFUSztzHLPU&vsn=2.0.0' failed: Error in connection establishment: net::ERR_INTERNET_DISCONNECTED @ http://localhost:3000/node_modules/.vite/deps/@supabase_supabase-js.js?v=11f32daa:6028
[  634462ms] [ERROR] WebSocket connection to 'wss://snvdwamqjreuhtyrrrlg.supabase.co/realtime/v1/websocket?apikey=eyJhbGciOiJIUzI1NiIsInR5cCI6IkpXVCJ9.eyJpc3MiOiJzdXBhYmFzZSIsInJlZiI6InNudmR3YW1xanJldWh0eXJycmxnIiwicm9sZSI6ImFub24iLCJpYXQiOjE3ODcxMzI3ODEsImV4cCI6MjEwMjcwODc4MX0.slSsb4BXyCS12h3VE4I_OOhQQXv0v7lvwFUSztzHLPU&vsn=2.0.0' failed: Error in connection establishment: net::ERR_NAME_NOT_RESOLVED @ http://localhost:3000/node_modules/.vite/deps/@supabase_supabase-js.js?v=11f32daa:6028
[  634549ms] [ERROR] Failed to load resource: net::ERR_NAME_NOT_RESOLVED @ https://snvdwamqjreuhtyrrrlg.supabase.co/auth/v1/user:0
[  634555ms] [ERROR] Failed to load resource: net::ERR_NAME_NOT_RESOLVED @ https://snvdwamqjreuhtyrrrlg.supabase.co/rest/v1/doctors?select=*&order=name.asc&clinic_id=eq.68062b03-3a03-4be3-a420-9033268b5fee:0
[  634555ms] [ERROR] Failed to load resource: net::ERR_NAME_NOT_RESOLVED @ https://snvdwamqjreuhtyrrrlg.supabase.co/rest/v1/appointments?select=*&order=scheduled_for.desc&clinic_id=eq.68062b03-3a03-4be3-a420-9033268b5fee:0
[  634556ms] [ERROR] Failed to load resource: net::ERR_NAME_NOT_RESOLVED @ https://snvdwamqjreuhtyrrrlg.supabase.co/rest/v1/queue_entries?select=*%2Crooms%21queue_entries_room_id_fkey%28number%29&order=checked_in_at.asc&clinic_id=eq.68062b03-3a03-4be3-a420-9033268b5fee:0
[  636452ms] [ERROR] Failed to load resource: net::ERR_INTERNET_DISCONNECTED @ https://snvdwamqjreuhtyrrrlg.supabase.co/rest/v1/queue_entries?select=*%2Crooms%21queue_entries_room_id_fkey%28number%29&order=checked_in_at.asc&clinic_id=eq.68062b03-3a03-4be3-a420-9033268b5fee:0
[  636452ms] [ERROR] Failed to load resource: net::ERR_INTERNET_DISCONNECTED @ https://snvdwamqjreuhtyrrrlg.supabase.co/rest/v1/doctors?select=*&order=name.asc&clinic_id=eq.68062b03-3a03-4be3-a420-9033268b5fee:0
[  636452ms] [ERROR] Failed to load resource: net::ERR_INTERNET_DISCONNECTED @ https://snvdwamqjreuhtyrrrlg.supabase.co/rest/v1/appointments?select=*&order=scheduled_for.desc&clinic_id=eq.68062b03-3a03-4be3-a420-9033268b5fee:0
[  642118ms] [ERROR] Failed to load resource: net::ERR_INTERNET_DISCONNECTED @ https://snvdwamqjreuhtyrrrlg.supabase.co/rest/v1/doctors?select=*&order=name.asc&clinic_id=eq.68062b03-3a03-4be3-a420-9033268b5fee:0
[  642118ms] [ERROR] Failed to load resource: net::ERR_INTERNET_DISCONNECTED @ https://snvdwamqjreuhtyrrrlg.supabase.co/rest/v1/queue_entries?select=*%2Crooms%21queue_entries_room_id_fkey%28number%29&order=checked_in_at.asc&clinic_id=eq.68062b03-3a03-4be3-a420-9033268b5fee:0
[  642118ms] [ERROR] Failed to load resource: net::ERR_INTERNET_DISCONNECTED @ https://snvdwamqjreuhtyrrrlg.supabase.co/rest/v1/appointments?select=*&order=scheduled_for.desc&clinic_id=eq.68062b03-3a03-4be3-a420-9033268b5fee:0
[  659841ms] [ERROR] WebSocket connection to 'wss://snvdwamqjreuhtyrrrlg.supabase.co/realtime/v1/websocket?apikey=eyJhbGciOiJIUzI1NiIsInR5cCI6IkpXVCJ9.eyJpc3MiOiJzdXBhYmFzZSIsInJlZiI6InNudmR3YW1xanJldWh0eXJycmxnIiwicm9sZSI6ImFub24iLCJpYXQiOjE3ODcxMzI3ODEsImV4cCI6MjEwMjcwODc4MX0.slSsb4BXyCS12h3VE4I_OOhQQXv0v7lvwFUSztzHLPU&vsn=2.0.0' failed: Error in connection establishment: net::ERR_NAME_NOT_RESOLVED @ http://localhost:3000/node_modules/.vite/deps/@supabase_supabase-js.js?v=11f32daa:6028
[  660040ms] [ERROR] Failed to load resource: net::ERR_NETWORK_CHANGED @ https://snvdwamqjreuhtyrrrlg.supabase.co/rest/v1/doctors?select=*&order=name.asc&clinic_id=eq.68062b03-3a03-4be3-a420-9033268b5fee:0
[  660041ms] [LOG] {failureCount: 0, error: Object} @ http://localhost:3000/src/main.tsx:23
[  660043ms] [ERROR] Failed to load resource: net::ERR_NETWORK_CHANGED @ https://snvdwamqjreuhtyrrrlg.supabase.co/rest/v1/queue_entries?select=*%2Crooms%21queue_entries_room_id_fkey%28number%29&order=checked_in_at.asc&clinic_id=eq.68062b03-3a03-4be3-a420-9033268b5fee:0
[  660043ms] [LOG] {failureCount: 0, error: Object} @ http://localhost:3000/src/main.tsx:23
[  660044ms] [ERROR] Failed to load resource: net::ERR_NETWORK_CHANGED @ https://snvdwamqjreuhtyrrrlg.supabase.co/auth/v1/user:0
[  660044ms] [ERROR] Failed to load resource: net::ERR_NETWORK_CHANGED @ https://snvdwamqjreuhtyrrrlg.supabase.co/rest/v1/appointments?select=*&order=scheduled_for.desc&clinic_id=eq.68062b03-3a03-4be3-a420-9033268b5fee:0
[  660044ms] [LOG] {failureCount: 0, error: Object} @ http://localhost:3000/src/main.tsx:23
[  669899ms] [ERROR] WebSocket connection to 'wss://snvdwamqjreuhtyrrrlg.supabase.co/realtime/v1/websocket?apikey=eyJhbGciOiJIUzI1NiIsInR5cCI6IkpXVCJ9.eyJpc3MiOiJzdXBhYmFzZSIsInJlZiI6InNudmR3YW1xanJldWh0eXJycmxnIiwicm9sZSI6ImFub24iLCJpYXQiOjE3ODcxMzI3ODEsImV4cCI6MjEwMjcwODc4MX0.slSsb4BXyCS12h3VE4I_OOhQQXv0v7lvwFUSztzHLPU&vsn=2.0.0' failed: Error in connection establishment: net::ERR_INTERNET_DISCONNECTED @ http://localhost:3000/node_modules/.vite/deps/@supabase_supabase-js.js?v=11f32daa:6028
[  697276ms] [ERROR] WebSocket connection to 'wss://snvdwamqjreuhtyrrrlg.supabase.co/realtime/v1/websocket?apikey=eyJhbGciOiJIUzI1NiIsInR5cCI6IkpXVCJ9.eyJpc3MiOiJzdXBhYmFzZSIsInJlZiI6InNudmR3YW1xanJldWh0eXJycmxnIiwicm9sZSI6ImFub24iLCJpYXQiOjE3ODcxMzI3ODEsImV4cCI6MjEwMjcwODc4MX0.slSsb4BXyCS12h3VE4I_OOhQQXv0v7lvwFUSztzHLPU&vsn=2.0.0' failed: Error in connection establishment: net::ERR_NAME_NOT_RESOLVED @ http://localhost:3000/node_modules/.vite/deps/@supabase_supabase-js.js?v=11f32daa:6028
[  703383ms] [ERROR] Failed to load resource: net::ERR_NAME_NOT_RESOLVED @ https://snvdwamqjreuhtyrrrlg.supabase.co/rest/v1/doctors?select=*&order=name.asc&clinic_id=eq.68062b03-3a03-4be3-a420-9033268b5fee:0
[  703384ms] [ERROR] Failed to load resource: net::ERR_NAME_NOT_RESOLVED @ https://snvdwamqjreuhtyrrrlg.supabase.co/auth/v1/user:0
[  703384ms] [ERROR] Failed to load resource: net::ERR_NAME_NOT_RESOLVED @ https://snvdwamqjreuhtyrrrlg.supabase.co/rest/v1/queue_entries?select=*%2Crooms%21queue_entries_room_id_fkey%28number%29&order=checked_in_at.asc&clinic_id=eq.68062b03-3a03-4be3-a420-9033268b5fee:0
[  703384ms] [ERROR] Failed to load resource: net::ERR_NAME_NOT_RESOLVED @ https://snvdwamqjreuhtyrrrlg.supabase.co/rest/v1/appointments?select=*&order=scheduled_for.desc&clinic_id=eq.68062b03-3a03-4be3-a420-9033268b5fee:0
[  710941ms] [ERROR] Failed to load resource: net::ERR_NAME_NOT_RESOLVED @ https://snvdwamqjreuhtyrrrlg.supabase.co/rest/v1/queue_entries?select=*%2Crooms%21queue_entries_room_id_fkey%28number%29&order=checked_in_at.asc&clinic_id=eq.68062b03-3a03-4be3-a420-9033268b5fee:0
[  710942ms] [ERROR] WebSocket connection to 'wss://snvdwamqjreuhtyrrrlg.supabase.co/realtime/v1/websocket?apikey=eyJhbGciOiJIUzI1NiIsInR5cCI6IkpXVCJ9.eyJpc3MiOiJzdXBhYmFzZSIsInJlZiI6InNudmR3YW1xanJldWh0eXJycmxnIiwicm9sZSI6ImFub24iLCJpYXQiOjE3ODcxMzI3ODEsImV4cCI6MjEwMjcwODc4MX0.slSsb4BXyCS12h3VE4I_OOhQQXv0v7lvwFUSztzHLPU&vsn=2.0.0' failed: Error in connection establishment: net::ERR_NAME_NOT_RESOLVED @ http://localhost:3000/node_modules/.vite/deps/@supabase_supabase-js.js?v=11f32daa:6028
[  710946ms] [ERROR] Failed to load resource: net::ERR_NAME_NOT_RESOLVED @ https://snvdwamqjreuhtyrrrlg.supabase.co/rest/v1/doctors?select=*&order=name.asc&clinic_id=eq.68062b03-3a03-4be3-a420-9033268b5fee:0
[  710946ms] [ERROR] Failed to load resource: net::ERR_NAME_NOT_RESOLVED @ https://snvdwamqjreuhtyrrrlg.supabase.co/rest/v1/appointments?select=*&order=scheduled_for.desc&clinic_id=eq.68062b03-3a03-4be3-a420-9033268b5fee:0
[  727882ms] [ERROR] Failed to load resource: net::ERR_NAME_NOT_RESOLVED @ https://snvdwamqjreuhtyrrrlg.supabase.co/rest/v1/doctors?select=*&order=name.asc&clinic_id=eq.68062b03-3a03-4be3-a420-9033268b5fee:0
[  727884ms] [ERROR] Failed to load resource: net::ERR_NAME_NOT_RESOLVED @ https://snvdwamqjreuhtyrrrlg.supabase.co/rest/v1/queue_entries?select=*%2Crooms%21queue_entries_room_id_fkey%28number%29&order=checked_in_at.asc&clinic_id=eq.68062b03-3a03-4be3-a420-9033268b5fee:0
[  727885ms] [ERROR] Failed to load resource: net::ERR_NAME_NOT_RESOLVED @ https://snvdwamqjreuhtyrrrlg.supabase.co/rest/v1/appointments?select=*&order=scheduled_for.desc&clinic_id=eq.68062b03-3a03-4be3-a420-9033268b5fee:0
[  727885ms] [ERROR] WebSocket connection to 'wss://snvdwamqjreuhtyrrrlg.supabase.co/realtime/v1/websocket?apikey=eyJhbGciOiJIUzI1NiIsInR5cCI6IkpXVCJ9.eyJpc3MiOiJzdXBhYmFzZSIsInJlZiI6InNudmR3YW1xanJldWh0eXJycmxnIiwicm9sZSI6ImFub24iLCJpYXQiOjE3ODcxMzI3ODEsImV4cCI6MjEwMjcwODc4MX0.slSsb4BXyCS12h3VE4I_OOhQQXv0v7lvwFUSztzHLPU&vsn=2.0.0' failed: Error in connection establishment: net::ERR_NAME_NOT_RESOLVED @ http://localhost:3000/node_modules/.vite/deps/@supabase_supabase-js.js?v=11f32daa:6028
[  740772ms] [ERROR] Failed to load resource: net::ERR_NETWORK_CHANGED @ https://snvdwamqjreuhtyrrrlg.supabase.co/rest/v1/doctors?select=*&order=name.asc&clinic_id=eq.68062b03-3a03-4be3-a420-9033268b5fee:0
[  740772ms] [LOG] {failureCount: 0, error: Object} @ http://localhost:3000/src/main.tsx:23
[  740817ms] [ERROR] Failed to load resource: net::ERR_NETWORK_CHANGED @ https://snvdwamqjreuhtyrrrlg.supabase.co/rest/v1/queue_entries?select=*%2Crooms%21queue_entries_room_id_fkey%28number%29&order=checked_in_at.asc&clinic_id=eq.68062b03-3a03-4be3-a420-9033268b5fee:0
[  740817ms] [LOG] {failureCount: 0, error: Object} @ http://localhost:3000/src/main.tsx:23
[  740817ms] [ERROR] Failed to load resource: net::ERR_NETWORK_CHANGED @ https://snvdwamqjreuhtyrrrlg.supabase.co/rest/v1/appointments?select=*&order=scheduled_for.desc&clinic_id=eq.68062b03-3a03-4be3-a420-9033268b5fee:0
[  740817ms] [LOG] {failureCount: 0, error: Object} @ http://localhost:3000/src/main.tsx:23
[  740818ms] [ERROR] WebSocket connection to 'wss://snvdwamqjreuhtyrrrlg.supabase.co/realtime/v1/websocket?apikey=eyJhbGciOiJIUzI1NiIsInR5cCI6IkpXVCJ9.eyJpc3MiOiJzdXBhYmFzZSIsInJlZiI6InNudmR3YW1xanJldWh0eXJycmxnIiwicm9sZSI6ImFub24iLCJpYXQiOjE3ODcxMzI3ODEsImV4cCI6MjEwMjcwODc4MX0.slSsb4BXyCS12h3VE4I_OOhQQXv0v7lvwFUSztzHLPU&vsn=2.0.0' failed: Error in connection establishment: net::ERR_NAME_NOT_RESOLVED @ http://localhost:3000/node_modules/.vite/deps/@supabase_supabase-js.js?v=11f32daa:6028
[  751778ms] [ERROR] WebSocket connection to 'wss://snvdwamqjreuhtyrrrlg.supabase.co/realtime/v1/websocket?apikey=eyJhbGciOiJIUzI1NiIsInR5cCI6IkpXVCJ9.eyJpc3MiOiJzdXBhYmFzZSIsInJlZiI6InNudmR3YW1xanJldWh0eXJycmxnIiwicm9sZSI6ImFub24iLCJpYXQiOjE3ODcxMzI3ODEsImV4cCI6MjEwMjcwODc4MX0.slSsb4BXyCS12h3VE4I_OOhQQXv0v7lvwFUSztzHLPU&vsn=2.0.0' failed: Error in connection establishment: net::ERR_INTERNET_DISCONNECTED @ http://localhost:3000/node_modules/.vite/deps/@supabase_supabase-js.js?v=11f32daa:6028
[  761800ms] [ERROR] WebSocket connection to 'wss://snvdwamqjreuhtyrrrlg.supabase.co/realtime/v1/websocket?apikey=eyJhbGciOiJIUzI1NiIsInR5cCI6IkpXVCJ9.eyJpc3MiOiJzdXBhYmFzZSIsInJlZiI6InNudmR3YW1xanJldWh0eXJycmxnIiwicm9sZSI6ImFub24iLCJpYXQiOjE3ODcxMzI3ODEsImV4cCI6MjEwMjcwODc4MX0.slSsb4BXyCS12h3VE4I_OOhQQXv0v7lvwFUSztzHLPU&vsn=2.0.0' failed: Error in connection establishment: net::ERR_INTERNET_DISCONNECTED @ http://localhost:3000/node_modules/.vite/deps/@supabase_supabase-js.js?v=11f32daa:6028
[  771832ms] [ERROR] WebSocket connection to 'wss://snvdwamqjreuhtyrrrlg.supabase.co/realtime/v1/websocket?apikey=eyJhbGciOiJIUzI1NiIsInR5cCI6IkpXVCJ9.eyJpc3MiOiJzdXBhYmFzZSIsInJlZiI6InNudmR3YW1xanJldWh0eXJycmxnIiwicm9sZSI6ImFub24iLCJpYXQiOjE3ODcxMzI3ODEsImV4cCI6MjEwMjcwODc4MX0.slSsb4BXyCS12h3VE4I_OOhQQXv0v7lvwFUSztzHLPU&vsn=2.0.0' failed: Error in connection establishment: net::ERR_INTERNET_DISCONNECTED @ http://localhost:3000/node_modules/.vite/deps/@supabase_supabase-js.js?v=11f32daa:6028
[  781863ms] [ERROR] WebSocket connection to 'wss://snvdwamqjreuhtyrrrlg.supabase.co/realtime/v1/websocket?apikey=eyJhbGciOiJIUzI1NiIsInR5cCI6IkpXVCJ9.eyJpc3MiOiJzdXBhYmFzZSIsInJlZiI6InNudmR3YW1xanJldWh0eXJycmxnIiwicm9sZSI6ImFub24iLCJpYXQiOjE3ODcxMzI3ODEsImV4cCI6MjEwMjcwODc4MX0.slSsb4BXyCS12h3VE4I_OOhQQXv0v7lvwFUSztzHLPU&vsn=2.0.0' failed: Error in connection establishment: net::ERR_INTERNET_DISCONNECTED @ http://localhost:3000/node_modules/.vite/deps/@supabase_supabase-js.js?v=11f32daa:6028
[  791901ms] [ERROR] WebSocket connection to 'wss://snvdwamqjreuhtyrrrlg.supabase.co/realtime/v1/websocket?apikey=eyJhbGciOiJIUzI1NiIsInR5cCI6IkpXVCJ9.eyJpc3MiOiJzdXBhYmFzZSIsInJlZiI6InNudmR3YW1xanJldWh0eXJycmxnIiwicm9sZSI6ImFub24iLCJpYXQiOjE3ODcxMzI3ODEsImV4cCI6MjEwMjcwODc4MX0.slSsb4BXyCS12h3VE4I_OOhQQXv0v7lvwFUSztzHLPU&vsn=2.0.0' failed: Error in connection establishment: net::ERR_INTERNET_DISCONNECTED @ http://localhost:3000/node_modules/.vite/deps/@supabase_supabase-js.js?v=11f32daa:6028
[  801915ms] [ERROR] WebSocket connection to 'wss://snvdwamqjreuhtyrrrlg.supabase.co/realtime/v1/websocket?apikey=eyJhbGciOiJIUzI1NiIsInR5cCI6IkpXVCJ9.eyJpc3MiOiJzdXBhYmFzZSIsInJlZiI6InNudmR3YW1xanJldWh0eXJycmxnIiwicm9sZSI6ImFub24iLCJpYXQiOjE3ODcxMzI3ODEsImV4cCI6MjEwMjcwODc4MX0.slSsb4BXyCS12h3VE4I_OOhQQXv0v7lvwFUSztzHLPU&vsn=2.0.0' failed: Error in connection establishment: net::ERR_INTERNET_DISCONNECTED @ http://localhost:3000/node_modules/.vite/deps/@supabase_supabase-js.js?v=11f32daa:6028
[  811930ms] [ERROR] WebSocket connection to 'wss://snvdwamqjreuhtyrrrlg.supabase.co/realtime/v1/websocket?apikey=eyJhbGciOiJIUzI1NiIsInR5cCI6IkpXVCJ9.eyJpc3MiOiJzdXBhYmFzZSIsInJlZiI6InNudmR3YW1xanJldWh0eXJycmxnIiwicm9sZSI6ImFub24iLCJpYXQiOjE3ODcxMzI3ODEsImV4cCI6MjEwMjcwODc4MX0.slSsb4BXyCS12h3VE4I_OOhQQXv0v7lvwFUSztzHLPU&vsn=2.0.0' failed: Error in connection establishment: net::ERR_INTERNET_DISCONNECTED @ http://localhost:3000/node_modules/.vite/deps/@supabase_supabase-js.js?v=11f32daa:6028
[  823774ms] [ERROR] WebSocket connection to 'wss://snvdwamqjreuhtyrrrlg.supabase.co/realtime/v1/websocket?apikey=eyJhbGciOiJIUzI1NiIsInR5cCI6IkpXVCJ9.eyJpc3MiOiJzdXBhYmFzZSIsInJlZiI6InNudmR3YW1xanJldWh0eXJycmxnIiwicm9sZSI6ImFub24iLCJpYXQiOjE3ODcxMzI3ODEsImV4cCI6MjEwMjcwODc4MX0.slSsb4BXyCS12h3VE4I_OOhQQXv0v7lvwFUSztzHLPU&vsn=2.0.0' failed: Error in connection establishment: net::ERR_INTERNET_DISCONNECTED @ http://localhost:3000/node_modules/.vite/deps/@supabase_supabase-js.js?v=11f32daa:6028
[  833793ms] [ERROR] WebSocket connection to 'wss://snvdwamqjreuhtyrrrlg.supabase.co/realtime/v1/websocket?apikey=eyJhbGciOiJIUzI1NiIsInR5cCI6IkpXVCJ9.eyJpc3MiOiJzdXBhYmFzZSIsInJlZiI6InNudmR3YW1xanJldWh0eXJycmxnIiwicm9sZSI6ImFub24iLCJpYXQiOjE3ODcxMzI3ODEsImV4cCI6MjEwMjcwODc4MX0.slSsb4BXyCS12h3VE4I_OOhQQXv0v7lvwFUSztzHLPU&vsn=2.0.0' failed: Error in connection establishment: net::ERR_INTERNET_DISCONNECTED @ http://localhost:3000/node_modules/.vite/deps/@supabase_supabase-js.js?v=11f32daa:6028
[  845206ms] [ERROR] WebSocket connection to 'wss://snvdwamqjreuhtyrrrlg.supabase.co/realtime/v1/websocket?apikey=eyJhbGciOiJIUzI1NiIsInR5cCI6IkpXVCJ9.eyJpc3MiOiJzdXBhYmFzZSIsInJlZiI6InNudmR3YW1xanJldWh0eXJycmxnIiwicm9sZSI6ImFub24iLCJpYXQiOjE3ODcxMzI3ODEsImV4cCI6MjEwMjcwODc4MX0.slSsb4BXyCS12h3VE4I_OOhQQXv0v7lvwFUSztzHLPU&vsn=2.0.0' failed: Error in connection establishment: net::ERR_INTERNET_DISCONNECTED @ http://localhost:3000/node_modules/.vite/deps/@supabase_supabase-js.js?v=11f32daa:6028
[  855240ms] [ERROR] WebSocket connection to 'wss://snvdwamqjreuhtyrrrlg.supabase.co/realtime/v1/websocket?apikey=eyJhbGciOiJIUzI1NiIsInR5cCI6IkpXVCJ9.eyJpc3MiOiJzdXBhYmFzZSIsInJlZiI6InNudmR3YW1xanJldWh0eXJycmxnIiwicm9sZSI6ImFub24iLCJpYXQiOjE3ODcxMzI3ODEsImV4cCI6MjEwMjcwODc4MX0.slSsb4BXyCS12h3VE4I_OOhQQXv0v7lvwFUSztzHLPU&vsn=2.0.0' failed: Error in connection establishment: net::ERR_INTERNET_DISCONNECTED @ http://localhost:3000/node_modules/.vite/deps/@supabase_supabase-js.js?v=11f32daa:6028
[  865271ms] [ERROR] WebSocket connection to 'wss://snvdwamqjreuhtyrrrlg.supabase.co/realtime/v1/websocket?apikey=eyJhbGciOiJIUzI1NiIsInR5cCI6IkpXVCJ9.eyJpc3MiOiJzdXBhYmFzZSIsInJlZiI6InNudmR3YW1xanJldWh0eXJycmxnIiwicm9sZSI6ImFub24iLCJpYXQiOjE3ODcxMzI3ODEsImV4cCI6MjEwMjcwODc4MX0.slSsb4BXyCS12h3VE4I_OOhQQXv0v7lvwFUSztzHLPU&vsn=2.0.0' failed: Error in connection establishment: net::ERR_INTERNET_DISCONNECTED @ http://localhost:3000/node_modules/.vite/deps/@supabase_supabase-js.js?v=11f32daa:6028
[  875294ms] [ERROR] WebSocket connection to 'wss://snvdwamqjreuhtyrrrlg.supabase.co/realtime/v1/websocket?apikey=eyJhbGciOiJIUzI1NiIsInR5cCI6IkpXVCJ9.eyJpc3MiOiJzdXBhYmFzZSIsInJlZiI6InNudmR3YW1xanJldWh0eXJycmxnIiwicm9sZSI6ImFub24iLCJpYXQiOjE3ODcxMzI3ODEsImV4cCI6MjEwMjcwODc4MX0.slSsb4BXyCS12h3VE4I_OOhQQXv0v7lvwFUSztzHLPU&vsn=2.0.0' failed: Error in connection establishment: net::ERR_INTERNET_DISCONNECTED @ http://localhost:3000/node_modules/.vite/deps/@supabase_supabase-js.js?v=11f32daa:6028
[  885314ms] [ERROR] WebSocket connection to 'wss://snvdwamqjreuhtyrrrlg.supabase.co/realtime/v1/websocket?apikey=eyJhbGciOiJIUzI1NiIsInR5cCI6IkpXVCJ9.eyJpc3MiOiJzdXBhYmFzZSIsInJlZiI6InNudmR3YW1xanJldWh0eXJycmxnIiwicm9sZSI6ImFub24iLCJpYXQiOjE3ODcxMzI3ODEsImV4cCI6MjEwMjcwODc4MX0.slSsb4BXyCS12h3VE4I_OOhQQXv0v7lvwFUSztzHLPU&vsn=2.0.0' failed: Error in connection establishment: net::ERR_INTERNET_DISCONNECTED @ http://localhost:3000/node_modules/.vite/deps/@supabase_supabase-js.js?v=11f32daa:6028
[  895356ms] [ERROR] WebSocket connection to 'wss://snvdwamqjreuhtyrrrlg.supabase.co/realtime/v1/websocket?apikey=eyJhbGciOiJIUzI1NiIsInR5cCI6IkpXVCJ9.eyJpc3MiOiJzdXBhYmFzZSIsInJlZiI6InNudmR3YW1xanJldWh0eXJycmxnIiwicm9sZSI6ImFub24iLCJpYXQiOjE3ODcxMzI3ODEsImV4cCI6MjEwMjcwODc4MX0.slSsb4BXyCS12h3VE4I_OOhQQXv0v7lvwFUSztzHLPU&vsn=2.0.0' failed: Error in connection establishment: net::ERR_INTERNET_DISCONNECTED @ http://localhost:3000/node_modules/.vite/deps/@supabase_supabase-js.js?v=11f32daa:6028
[  905428ms] [ERROR] WebSocket connection to 'wss://snvdwamqjreuhtyrrrlg.supabase.co/realtime/v1/websocket?apikey=eyJhbGciOiJIUzI1NiIsInR5cCI6IkpXVCJ9.eyJpc3MiOiJzdXBhYmFzZSIsInJlZiI6InNudmR3YW1xanJldWh0eXJycmxnIiwicm9sZSI6ImFub24iLCJpYXQiOjE3ODcxMzI3ODEsImV4cCI6MjEwMjcwODc4MX0.slSsb4BXyCS12h3VE4I_OOhQQXv0v7lvwFUSztzHLPU&vsn=2.0.0' failed: Error in connection establishment: net::ERR_INTERNET_DISCONNECTED @ http://localhost:3000/node_modules/.vite/deps/@supabase_supabase-js.js?v=11f32daa:6028
[  915482ms] [ERROR] WebSocket connection to 'wss://snvdwamqjreuhtyrrrlg.supabase.co/realtime/v1/websocket?apikey=eyJhbGciOiJIUzI1NiIsInR5cCI6IkpXVCJ9.eyJpc3MiOiJzdXBhYmFzZSIsInJlZiI6InNudmR3YW1xanJldWh0eXJycmxnIiwicm9sZSI6ImFub24iLCJpYXQiOjE3ODcxMzI3ODEsImV4cCI6MjEwMjcwODc4MX0.slSsb4BXyCS12h3VE4I_OOhQQXv0v7lvwFUSztzHLPU&vsn=2.0.0' failed: Error in connection establishment: net::ERR_INTERNET_DISCONNECTED @ http://localhost:3000/node_modules/.vite/deps/@supabase_supabase-js.js?v=11f32daa:6028
[  925492ms] [ERROR] WebSocket connection to 'wss://snvdwamqjreuhtyrrrlg.supabase.co/realtime/v1/websocket?apikey=eyJhbGciOiJIUzI1NiIsInR5cCI6IkpXVCJ9.eyJpc3MiOiJzdXBhYmFzZSIsInJlZiI6InNudmR3YW1xanJldWh0eXJycmxnIiwicm9sZSI6ImFub24iLCJpYXQiOjE3ODcxMzI3ODEsImV4cCI6MjEwMjcwODc4MX0.slSsb4BXyCS12h3VE4I_OOhQQXv0v7lvwFUSztzHLPU&vsn=2.0.0' failed: Error in connection establishment: net::ERR_INTERNET_DISCONNECTED @ http://localhost:3000/node_modules/.vite/deps/@supabase_supabase-js.js?v=11f32daa:6028
[  935505ms] [ERROR] WebSocket connection to 'wss://snvdwamqjreuhtyrrrlg.supabase.co/realtime/v1/websocket?apikey=eyJhbGciOiJIUzI1NiIsInR5cCI6IkpXVCJ9.eyJpc3MiOiJzdXBhYmFzZSIsInJlZiI6InNudmR3YW1xanJldWh0eXJycmxnIiwicm9sZSI6ImFub24iLCJpYXQiOjE3ODcxMzI3ODEsImV4cCI6MjEwMjcwODc4MX0.slSsb4BXyCS12h3VE4I_OOhQQXv0v7lvwFUSztzHLPU&vsn=2.0.0' failed: Error in connection establishment: net::ERR_INTERNET_DISCONNECTED @ http://localhost:3000/node_modules/.vite/deps/@supabase_supabase-js.js?v=11f32daa:6028
[  945518ms] [ERROR] WebSocket connection to 'wss://snvdwamqjreuhtyrrrlg.supabase.co/realtime/v1/websocket?apikey=eyJhbGciOiJIUzI1NiIsInR5cCI6IkpXVCJ9.eyJpc3MiOiJzdXBhYmFzZSIsInJlZiI6InNudmR3YW1xanJldWh0eXJycmxnIiwicm9sZSI6ImFub24iLCJpYXQiOjE3ODcxMzI3ODEsImV4cCI6MjEwMjcwODc4MX0.slSsb4BXyCS12h3VE4I_OOhQQXv0v7lvwFUSztzHLPU&vsn=2.0.0' failed: Error in connection establishment: net::ERR_INTERNET_DISCONNECTED @ http://localhost:3000/node_modules/.vite/deps/@supabase_supabase-js.js?v=11f32daa:6028
[  955528ms] [ERROR] WebSocket connection to 'wss://snvdwamqjreuhtyrrrlg.supabase.co/realtime/v1/websocket?apikey=eyJhbGciOiJIUzI1NiIsInR5cCI6IkpXVCJ9.eyJpc3MiOiJzdXBhYmFzZSIsInJlZiI6InNudmR3YW1xanJldWh0eXJycmxnIiwicm9sZSI6ImFub24iLCJpYXQiOjE3ODcxMzI3ODEsImV4cCI6MjEwMjcwODc4MX0.slSsb4BXyCS12h3VE4I_OOhQQXv0v7lvwFUSztzHLPU&vsn=2.0.0' failed: Error in connection establishment: net::ERR_INTERNET_DISCONNECTED @ http://localhost:3000/node_modules/.vite/deps/@supabase_supabase-js.js?v=11f32daa:6028
[ 1117456ms] [ERROR] WebSocket connection to 'wss://snvdwamqjreuhtyrrrlg.supabase.co/realtime/v1/websocket?apikey=eyJhbGciOiJIUzI1NiIsInR5cCI6IkpXVCJ9.eyJpc3MiOiJzdXBhYmFzZSIsInJlZiI6InNudmR3YW1xanJldWh0eXJycmxnIiwicm9sZSI6ImFub24iLCJpYXQiOjE3ODcxMzI3ODEsImV4cCI6MjEwMjcwODc4MX0.slSsb4BXyCS12h3VE4I_OOhQQXv0v7lvwFUSztzHLPU&vsn=2.0.0' failed: Error in connection establishment: net::ERR_INTERNET_DISCONNECTED @ http://localhost:3000/node_modules/.vite/deps/@supabase_supabase-js.js?v=11f32daa:6028
[ 1119477ms] [ERROR] WebSocket connection to 'wss://snvdwamqjreuhtyrrrlg.supabase.co/realtime/v1/websocket?apikey=eyJhbGciOiJIUzI1NiIsInR5cCI6IkpXVCJ9.eyJpc3MiOiJzdXBhYmFzZSIsInJlZiI6InNudmR3YW1xanJldWh0eXJycmxnIiwicm9sZSI6ImFub24iLCJpYXQiOjE3ODcxMzI3ODEsImV4cCI6MjEwMjcwODc4MX0.slSsb4BXyCS12h3VE4I_OOhQQXv0v7lvwFUSztzHLPU&vsn=2.0.0' failed: Error in connection establishment: net::ERR_INTERNET_DISCONNECTED @ http://localhost:3000/node_modules/.vite/deps/@supabase_supabase-js.js?v=11f32daa:6028
[ 1124489ms] [ERROR] WebSocket connection to 'wss://snvdwamqjreuhtyrrrlg.supabase.co/realtime/v1/websocket?apikey=eyJhbGciOiJIUzI1NiIsInR5cCI6IkpXVCJ9.eyJpc3MiOiJzdXBhYmFzZSIsInJlZiI6InNudmR3YW1xanJldWh0eXJycmxnIiwicm9sZSI6ImFub24iLCJpYXQiOjE3ODcxMzI3ODEsImV4cCI6MjEwMjcwODc4MX0.slSsb4BXyCS12h3VE4I_OOhQQXv0v7lvwFUSztzHLPU&vsn=2.0.0' failed: Error in connection establishment: net::ERR_INTERNET_DISCONNECTED @ http://localhost:3000/node_modules/.vite/deps/@supabase_supabase-js.js?v=11f32daa:6028
[ 1134498ms] [ERROR] WebSocket connection to 'wss://snvdwamqjreuhtyrrrlg.supabase.co/realtime/v1/websocket?apikey=eyJhbGciOiJIUzI1NiIsInR5cCI6IkpXVCJ9.eyJpc3MiOiJzdXBhYmFzZSIsInJlZiI6InNudmR3YW1xanJldWh0eXJycmxnIiwicm9sZSI6ImFub24iLCJpYXQiOjE3ODcxMzI3ODEsImV4cCI6MjEwMjcwODc4MX0.slSsb4BXyCS12h3VE4I_OOhQQXv0v7lvwFUSztzHLPU&vsn=2.0.0' failed: Error in connection establishment: net::ERR_INTERNET_DISCONNECTED @ http://localhost:3000/node_modules/.vite/deps/@supabase_supabase-js.js?v=11f32daa:6028
[ 1148253ms] [ERROR] WebSocket connection to 'wss://snvdwamqjreuhtyrrrlg.supabase.co/realtime/v1/websocket?apikey=eyJhbGciOiJIUzI1NiIsInR5cCI6IkpXVCJ9.eyJpc3MiOiJzdXBhYmFzZSIsInJlZiI6InNudmR3YW1xanJldWh0eXJycmxnIiwicm9sZSI6ImFub24iLCJpYXQiOjE3ODcxMzI3ODEsImV4cCI6MjEwMjcwODc4MX0.slSsb4BXyCS12h3VE4I_OOhQQXv0v7lvwFUSztzHLPU&vsn=2.0.0' failed: Error in connection establishment: net::ERR_NAME_NOT_RESOLVED @ http://localhost:3000/node_modules/.vite/deps/@supabase_supabase-js.js?v=11f32daa:6028
[ 1188980ms] [ERROR] WebSocket connection to 'wss://snvdwamqjreuhtyrrrlg.supabase.co/realtime/v1/websocket?apikey=eyJhbGciOiJIUzI1NiIsInR5cCI6IkpXVCJ9.eyJpc3MiOiJzdXBhYmFzZSIsInJlZiI6InNudmR3YW1xanJldWh0eXJycmxnIiwicm9sZSI6ImFub24iLCJpYXQiOjE3ODcxMzI3ODEsImV4cCI6MjEwMjcwODc4MX0.slSsb4BXyCS12h3VE4I_OOhQQXv0v7lvwFUSztzHLPU&vsn=2.0.0' failed: WebSocket opening handshake timed out @ http://localhost:3000/node_modules/.vite/deps/@supabase_supabase-js.js?v=11f32daa:6028
[ 1451006ms] [ERROR] %o

%s

%s
 TypeError: Cannot read properties of null (reading 'getSnapshot')
    at updateSyncExternalStore (http://localhost:3000/node_modules/.vite/deps/react-dom_client.js?v=feb1977c:4541:13)
    at Object.useSyncExternalStore (http://localhost:3000/node_modules/.vite/deps/react-dom_client.js?v=feb1977c:13321:12)
    at exports.useSyncExternalStore (http://localhost:3000/node_modules/.vite/deps/react.js?v=26294af0:751:31)
    at useStore (http://localhost:3000/node_modules/.vite/deps/zustand.js?v=528d901d:36:29)
    at useBoundStore (http://localhost:3000/node_modules/.vite/deps/zustand.js?v=528d901d:42:38)
    at AppSidebar (http://localhost:3000/src/components/layout/app-sidebar.tsx?t=1787267899158:18:15)
    at Object.react_stack_bottom_frame (http://localhost:3000/node_modules/.vite/deps/react-dom_client.js?v=feb1977c:12864:12)
    at renderWithHooks (http://localhost:3000/node_modules/.vite/deps/react-dom_client.js?v=feb1977c:4211:19)
    at updateFunctionComponent (http://localhost:3000/node_modules/.vite/deps/react-dom_client.js?v=feb1977c:5567:16)
    at beginWork (http://localhost:3000/node_modules/.vite/deps/react-dom_client.js?v=feb1977c:6138:20) The above error occurred in the <AppSidebar> component. React will try to recreate this component tree from scratch using the error boundary you provided, CatchBoundaryImpl. @ http://localhost:3000/@vite/client:528
[ 1451008ms] [WARNING] Warning: Error in route match: __root__/ @ http://localhost:3000/@vite/client:528
